Archive member included to satisfy reference by file (symbol)

/usr/gcc-arm-none-eabi-9-2019-q4-major/bin/../lib/gcc/arm-none-eabi/9.2.1/../../../../arm-none-eabi/lib/thumb/v7e-m+fp/hard/libc.a(lib_a-exit.o)
                              /usr/gcc-arm-none-eabi-9-2019-q4-major/bin/../lib/gcc/arm-none-eabi/9.2.1/../../../../arm-none-eabi/lib/thumb/v7e-m+fp/hard/crt0.o (exit)
/usr/gcc-arm-none-eabi-9-2019-q4-major/bin/../lib/gcc/arm-none-eabi/9.2.1/../../../../arm-none-eabi/lib/thumb/v7e-m+fp/hard/libc.a(lib_a-impure.o)
                              /usr/gcc-arm-none-eabi-9-2019-q4-major/bin/../lib/gcc/arm-none-eabi/9.2.1/../../../../arm-none-eabi/lib/thumb/v7e-m+fp/hard/libc.a(lib_a-exit.o) (_global_impure_ptr)
/usr/gcc-arm-none-eabi-9-2019-q4-major/bin/../lib/gcc/arm-none-eabi/9.2.1/../../../../arm-none-eabi/lib/thumb/v7e-m+fp/hard/libc.a(lib_a-init.o)
                              /usr/gcc-arm-none-eabi-9-2019-q4-major/bin/../lib/gcc/arm-none-eabi/9.2.1/../../../../arm-none-eabi/lib/thumb/v7e-m+fp/hard/crt0.o (__libc_init_array)
/usr/gcc-arm-none-eabi-9-2019-q4-major/bin/../lib/gcc/arm-none-eabi/9.2.1/../../../../arm-none-eabi/lib/thumb/v7e-m+fp/hard/libc.a(lib_a-memset.o)
                              /usr/gcc-arm-none-eabi-9-2019-q4-major/bin/../lib/gcc/arm-none-eabi/9.2.1/../../../../arm-none-eabi/lib/thumb/v7e-m+fp/hard/crt0.o (memset)
/usr/gcc-arm-none-eabi-9-2019-q4-major/bin/../lib/gcc/arm-none-eabi/9.2.1/../../../../arm-none-eabi/lib/thumb/v7e-m+fp/hard/libc.a(lib_a-__call_atexit.o)
                              /usr/gcc-arm-none-eabi-9-2019-q4-major/bin/../lib/gcc/arm-none-eabi/9.2.1/../../../../arm-none-eabi/lib/thumb/v7e-m+fp/hard/libc.a(lib_a-exit.o) (__call_exitprocs)
/usr/gcc-arm-none-eabi-9-2019-q4-major/bin/../lib/gcc/arm-none-eabi/9.2.1/../../../../arm-none-eabi/lib/thumb/v7e-m+fp/hard/libc.a(lib_a-atexit.o)
                              /usr/gcc-arm-none-eabi-9-2019-q4-major/bin/../lib/gcc/arm-none-eabi/9.2.1/../../../../arm-none-eabi/lib/thumb/v7e-m+fp/hard/libc.a(lib_a-__call_atexit.o) (atexit)
/usr/gcc-arm-none-eabi-9-2019-q4-major/bin/../lib/gcc/arm-none-eabi/9.2.1/../../../../arm-none-eabi/lib/thumb/v7e-m+fp/hard/libc.a(lib_a-fini.o)
                              /usr/gcc-arm-none-eabi-9-2019-q4-major/bin/../lib/gcc/arm-none-eabi/9.2.1/../../../../arm-none-eabi/lib/thumb/v7e-m+fp/hard/libc.a(lib_a-__call_atexit.o) (__libc_fini_array)
/usr/gcc-arm-none-eabi-9-2019-q4-major/bin/../lib/gcc/arm-none-eabi/9.2.1/../../../../arm-none-eabi/lib/thumb/v7e-m+fp/hard/libc.a(lib_a-lock.o)
                              /usr/gcc-arm-none-eabi-9-2019-q4-major/bin/../lib/gcc/arm-none-eabi/9.2.1/../../../../arm-none-eabi/lib/thumb/v7e-m+fp/hard/libc.a(lib_a-__call_atexit.o) (__retarget_lock_acquire_recursive)
/usr/gcc-arm-none-eabi-9-2019-q4-major/bin/../lib/gcc/arm-none-eabi/9.2.1/../../../../arm-none-eabi/lib/thumb/v7e-m+fp/hard/libc.a(lib_a-__atexit.o)
                              /usr/gcc-arm-none-eabi-9-2019-q4-major/bin/../lib/gcc/arm-none-eabi/9.2.1/../../../../arm-none-eabi/lib/thumb/v7e-m+fp/hard/libc.a(lib_a-atexit.o) (__register_exitproc)
STM32F4xx_HAL_Driver/libSTM32F4_HAL_LIB.a(stm32f4xx_hal.c.o)
                              CMakeFiles/demo.elf.dir/BSP/src/bsp.c.o (HAL_Init)
STM32F4xx_HAL_Driver/libSTM32F4_HAL_LIB.a(stm32f4xx_hal_cortex.c.o)
                              CMakeFiles/demo.elf.dir/BSP/src/bsp.c.o (HAL_NVIC_SetPriorityGrouping)
STM32F4xx_HAL_Driver/libSTM32F4_HAL_LIB.a(stm32f4xx_hal_gpio.c.o)
                              CMakeFiles/demo.elf.dir/APP/src/LED.c.o (HAL_GPIO_Init)
STM32F4xx_HAL_Driver/libSTM32F4_HAL_LIB.a(stm32f4xx_hal_pwr_ex.c.o)
                              CMakeFiles/demo.elf.dir/BSP/src/bsp.c.o (HAL_PWREx_EnableOverDrive)
STM32F4xx_HAL_Driver/libSTM32F4_HAL_LIB.a(stm32f4xx_hal_rcc.c.o)
                              CMakeFiles/demo.elf.dir/BSP/src/bsp.c.o (HAL_RCC_OscConfig)
STM32F4xx_HAL_Driver/libSTM32F4_HAL_LIB.a(stm32f4xx_hal_uart.c.o)
                              CMakeFiles/demo.elf.dir/BSP/src/USART_COM.c.o (HAL_UART_Init)
STM32F4xx_HAL_Driver/libSTM32F4_HAL_LIB.a(stm32f4xx_hal_dma.c.o)
                              STM32F4xx_HAL_Driver/libSTM32F4_HAL_LIB.a(stm32f4xx_hal_uart.c.o) (HAL_DMA_Start_IT)
/usr/gcc-arm-none-eabi-9-2019-q4-major/bin/../lib/gcc/arm-none-eabi/9.2.1/thumb/v7e-m+fp/hard/libgcc.a(_arm_addsubdf3.o)
                              CMakeFiles/demo.elf.dir/APP/src/main.c.o (__aeabi_f2d)
/usr/gcc-arm-none-eabi-9-2019-q4-major/bin/../lib/gcc/arm-none-eabi/9.2.1/../../../../arm-none-eabi/lib/thumb/v7e-m+fp/hard/libc.a(lib_a-printf.o)
                              CMakeFiles/demo.elf.dir/APP/src/main.c.o (printf)
/usr/gcc-arm-none-eabi-9-2019-q4-major/bin/../lib/gcc/arm-none-eabi/9.2.1/../../../../arm-none-eabi/lib/thumb/v7e-m+fp/hard/libc.a(lib_a-reent.o)
                              CMakeFiles/demo.elf.dir/newlib/syscalls.c.o (errno)
[...]
Memory Configuration

Name             Origin             Length             Attributes
RAM              0x0000000020000000 0x0000000000030000 xrw
CCMRAM           0x0000000010000000 0x0000000000010000 rw
FLASH            0x0000000008000000 0x0000000000200000 xr
*default*        0x0000000000000000 0xffffffffffffffff

Linker script and memory map

LOAD /usr/gcc-arm-none-eabi-9-2019-q4-major/bin/../lib/gcc/arm-none-eabi/9.2.1/thumb/v7e-m+fp/hard/crti.o
LOAD /usr/gcc-arm-none-eabi-9-2019-q4-major/bin/../lib/gcc/arm-none-eabi/9.2.1/thumb/v7e-m+fp/hard/crtbegin.o
LOAD /usr/gcc-arm-none-eabi-9-2019-q4-major/bin/../lib/gcc/arm-none-eabi/9.2.1/../../../../arm-none-eabi/lib/thumb/v7e-m+fp/hard/crt0.o
LOAD /usr/gcc-arm-none-eabi-9-2019-q4-major/bin/../lib/gcc/arm-none-eabi/9.2.1/../../../../arm-none-eabi/lib/thumb/v7e-m+fp/hard/libc.a
LOAD /usr/gcc-arm-none-eabi-9-2019-q4-major/bin/../lib/gcc/arm-none-eabi/9.2.1/../../../../arm-none-eabi/lib/thumb/v7e-m+fp/hard/libm.a
LOAD CMakeFiles/demo.elf.dir/Start_Up/startup_stm32f429xx.s.o
LOAD CMakeFiles/demo.elf.dir/APP/src/main.c.o
LOAD CMakeFiles/demo.elf.dir/APP/src/LED.c.o
LOAD CMakeFiles/demo.elf.dir/APP/src/stm32f4xx_hal_msp.c.o
LOAD CMakeFiles/demo.elf.dir/APP/src/stm32f4xx_it.c.o
LOAD CMakeFiles/demo.elf.dir/BSP/src/bsp.c.o
LOAD CMakeFiles/demo.elf.dir/BSP/src/ringbuffer.c.o
LOAD CMakeFiles/demo.elf.dir/BSP/src/USART_COM.c.o
LOAD CMakeFiles/demo.elf.dir/CMSIS/src/system_stm32f4xx.c.o
LOAD CMakeFiles/demo.elf.dir/newlib/syscalls.c.o
LOAD STM32F4xx_HAL_Driver/libSTM32F4_HAL_LIB.a
START GROUP
LOAD /usr/gcc-arm-none-eabi-9-2019-q4-major/bin/../lib/gcc/arm-none-eabi/9.2.1/thumb/v7e-m+fp/hard/libgcc.a
LOAD /usr/gcc-arm-none-eabi-9-2019-q4-major/bin/../lib/gcc/arm-none-eabi/9.2.1/../../../../arm-none-eabi/lib/thumb/v7e-m+fp/hard/libc.a
END GROUP
LOAD /usr/gcc-arm-none-eabi-9-2019-q4-major/bin/../lib/gcc/arm-none-eabi/9.2.1/thumb/v7e-m+fp/hard/crtend.o
LOAD /usr/gcc-arm-none-eabi-9-2019-q4-major/bin/../lib/gcc/arm-none-eabi/9.2.1/thumb/v7e-m+fp/hard/crtn.o
                0x0000000020030000                _estack = 0x20030000
                0x0000000000000200                _Min_Heap_Size = 0x200
                0x0000000000000400                _Min_Stack_Size = 0x400

.isr_vector     0x0000000008000000      0x1ac
                0x0000000008000000                . = ALIGN (0x4)
 *(.isr_vector)
 .isr_vector    0x0000000008000000      0x1ac CMakeFiles/demo.elf.dir/Start_Up/startup_stm32f429xx.s.o
                0x0000000008000000                g_pfnVectors
                0x00000000080001ac                . = ALIGN (0x4)

.text           0x00000000080001c0     0x7598
                0x00000000080001c0                . = ALIGN (0x4)
 *(.text)
 .text          0x00000000080001c0       0x40 /usr/gcc-arm-none-eabi-9-2019-q4-major/bin/../lib/gcc/arm-none-eabi/9.2.1/thumb/v7e-m+fp/hard/crtbegin.o
 .text          0x0000000008000200      0x378 /usr/gcc-arm-none-eabi-9-2019-q4-major/bin/../lib/gcc/arm-none-eabi/9.2.1/thumb/v7e-m+fp/hard/libgcc.a(_arm_addsubdf3.o)
                0x0000000008000200                __aeabi_drsub
                0x0000000008000208                __aeabi_dsub
                0x0000000008000208                __subdf3
                0x000000000800020c                __adddf3
                0x000000000800020c                __aeabi_dadd
                0x0000000008000484                __aeabi_ui2d
                0x0000000008000484                __floatunsidf
                0x00000000080004a4                __floatsidf
                0x00000000080004a4                __aeabi_i2d
                0x00000000080004c8                __extendsfdf2
                0x00000000080004c8                __aeabi_f2d
                0x000000000800050c                __aeabi_ul2d
                0x000000000800050c                __floatundidf
                0x000000000800051c                __floatdidf
                0x000000000800051c                __aeabi_l2d
 *fill*         0x0000000008000578        0x8 
 .text          0x0000000008000580       0xa0 /usr/gcc-arm-none-eabi-9-2019-q4-major/bin/../lib/gcc/arm-none-eabi/9.2.1/../../../../arm-none-eabi/lib/thumb/v7e-m+fp/hard/libc.a(lib_a-memchr.o)
                0x0000000008000580                memchr
 .text          0x0000000008000620      0x134 /usr/gcc-arm-none-eabi-9-2019-q4-major/bin/../lib/gcc/arm-none-eabi/9.2.1/../../../../arm-none-eabi/lib/thumb/v7e-m+fp/hard/libc.a(lib_a-memcpy.o)
                0x0000000008000620                memcpy
 *fill*         0x0000000008000754       0x2c 
 .text          0x0000000008000780       0xdc /usr/gcc-arm-none-eabi-9-2019-q4-major/bin/../lib/gcc/arm-none-eabi/9.2.1/../../../../arm-none-eabi/lib/thumb/v7e-m+fp/hard/libc.a(lib_a-strlen.o)
                0x0000000008000780                strlen
 .text          0x000000000800085c      0x424 /usr/gcc-arm-none-eabi-9-2019-q4-major/bin/../lib/gcc/arm-none-eabi/9.2.1/thumb/v7e-m+fp/hard/libgcc.a(_arm_muldivdf3.o)
                0x000000000800085c                __aeabi_dmul
                0x000000000800085c                __muldf3
                0x0000000008000ab0                __aeabi_ddiv
                0x0000000008000ab0                __divdf3
 .text          0x0000000008000c80      0x110 /usr/gcc-arm-none-eabi-9-2019-q4-major/bin/../lib/gcc/arm-none-eabi/9.2.1/thumb/v7e-m+fp/hard/libgcc.a(_arm_cmpdf2.o)
                0x0000000008000c80                __gtdf2
                0x0000000008000c80                __gedf2
                0x0000000008000c88                __ltdf2
                0x0000000008000c88                __ledf2
                0x0000000008000c90                __cmpdf2
                0x0000000008000c90                __eqdf2
                0x0000000008000c90                __nedf2
                0x0000000008000d0c                __aeabi_cdrcmple
                0x0000000008000d1c                __aeabi_cdcmple
                0x0000000008000d1c                __aeabi_cdcmpeq
                0x0000000008000d2c                __aeabi_dcmpeq
                0x0000000008000d40                __aeabi_dcmplt
                0x0000000008000d54                __aeabi_dcmple
                0x0000000008000d68                __aeabi_dcmpge
                0x0000000008000d7c                __aeabi_dcmpgt
 .text          0x0000000008000d90       0x2c /usr/gcc-arm-none-eabi-9-2019-q4-major/bin/../lib/gcc/arm-none-eabi/9.2.1/thumb/v7e-m+fp/hard/libgcc.a(_arm_unorddf2.o)
                0x0000000008000d90                __aeabi_dcmpun
                0x0000000008000d90                __unorddf2
 .text          0x0000000008000dbc       0x50 /usr/gcc-arm-none-eabi-9-2019-q4-major/bin/../lib/gcc/arm-none-eabi/9.2.1/thumb/v7e-m+fp/hard/libgcc.a(_arm_fixdfsi.o)
                0x0000000008000dbc                __fixdfsi
                0x0000000008000dbc                __aeabi_d2iz
 .text          0x0000000008000e0c       0x30 /usr/gcc-arm-none-eabi-9-2019-q4-major/bin/../lib/gcc/arm-none-eabi/9.2.1/thumb/v7e-m+fp/hard/libgcc.a(_aeabi_uldivmod.o)
                0x0000000008000e0c                __aeabi_uldivmod
 .text          0x0000000008000e3c      0x2c4 /usr/gcc-arm-none-eabi-9-2019-q4-major/bin/../lib/gcc/arm-none-eabi/9.2.1/thumb/v7e-m+fp/hard/libgcc.a(_udivmoddi4.o)
                0x0000000008000e3c                __udivmoddi4
 .text          0x0000000008001100        0x4 /usr/gcc-arm-none-eabi-9-2019-q4-major/bin/../lib/gcc/arm-none-eabi/9.2.1/thumb/v7e-m+fp/hard/libgcc.a(_dvmd_tls.o)
                0x0000000008001100                __aeabi_ldiv0
                0x0000000008001100                __aeabi_idiv0
 *(.text*)
 .text.__libc_init_array
                0x0000000008001104       0x48 /usr/gcc-arm-none-eabi-9-2019-q4-major/bin/../lib/gcc/arm-none-eabi/9.2.1/../../../../arm-none-eabi/lib/thumb/v7e-m+fp/hard/libc.a(lib_a-init.o)
                0x0000000008001104                __libc_init_array
 .text.memset   0x000000000800114c       0xa0 /usr/gcc-arm-none-eabi-9-2019-q4-major/bin/../lib/gcc/arm-none-eabi/9.2.1/../../../../arm-none-eabi/lib/thumb/v7e-m+fp/hard/libc.a(lib_a-memset.o)
                0x000000000800114c                memset
 .text.startup.register_fini
                0x00000000080011ec       0x14 /usr/gcc-arm-none-eabi-9-2019-q4-major/bin/../lib/gcc/arm-none-eabi/9.2.1/../../../../arm-none-eabi/lib/thumb/v7e-m+fp/hard/libc.a(lib_a-__call_atexit.o)
 .text.atexit   0x0000000008001200        0xc /usr/gcc-arm-none-eabi-9-2019-q4-major/bin/../lib/gcc/arm-none-eabi/9.2.1/../../../../arm-none-eabi/lib/thumb/v7e-m+fp/hard/libc.a(lib_a-atexit.o)
                0x0000000008001200                atexit
 .text.__libc_fini_array
                0x000000000800120c       0x2c /usr/gcc-arm-none-eabi-9-2019-q4-major/bin/../lib/gcc/arm-none-eabi/9.2.1/../../../../arm-none-eabi/lib/thumb/v7e-m+fp/hard/libc.a(lib_a-fini.o)
                0x000000000800120c                __libc_fini_array
 .text.__retarget_lock_init_recursive
                0x0000000008001238        0x4 /usr/gcc-arm-none-eabi-9-2019-q4-major/bin/../lib/gcc/arm-none-eabi/9.2.1/../../../../arm-none-eabi/lib/thumb/v7e-m+fp/hard/libc.a(lib_a-lock.o)
                0x0000000008001238                __retarget_lock_init_recursive
 .text.__retarget_lock_close_recursive
                0x000000000800123c        0x4 /usr/gcc-arm-none-eabi-9-2019-q4-major/bin/../lib/gcc/arm-none-eabi/9.2.1/../../../../arm-none-eabi/lib/thumb/v7e-m+fp/hard/libc.a(lib_a-lock.o)
                0x000000000800123c                __retarget_lock_close_recursive
 .text.__retarget_lock_acquire_recursive
                0x0000000008001240        0x4 /usr/gcc-arm-none-eabi-9-2019-q4-major/bin/../lib/gcc/arm-none-eabi/9.2.1/../../../../arm-none-eabi/lib/thumb/v7e-m+fp/hard/libc.a(lib_a-lock.o)
                0x0000000008001240                __retarget_lock_acquire_recursive
 .text.__retarget_lock_release_recursive
                0x0000000008001244        0x4 /usr/gcc-arm-none-eabi-9-2019-q4-major/bin/../lib/gcc/arm-none-eabi/9.2.1/../../../../arm-none-eabi/lib/thumb/v7e-m+fp/hard/libc.a(lib_a-lock.o)
                0x0000000008001244                __retarget_lock_release_recursive
 .text.__register_exitproc
                0x0000000008001248       0x8c /usr/gcc-arm-none-eabi-9-2019-q4-major/bin/../lib/gcc/arm-none-eabi/9.2.1/../../../../arm-none-eabi/lib/thumb/v7e-m+fp/hard/libc.a(lib_a-__atexit.o)
                0x0000000008001248                __register_exitproc
 .text.Reset_Handler
                0x00000000080012d4       0x50 CMakeFiles/demo.elf.dir/Start_Up/startup_stm32f429xx.s.o
                0x00000000080012d4                Reset_Handler
 .text.Default_Handler
                0x0000000008001324        0x2 CMakeFiles/demo.elf.dir/Start_Up/startup_stm32f429xx.s.o
                0x0000000008001324                RTC_Alarm_IRQHandler
                0x0000000008001324                HASH_RNG_IRQHandler
                0x0000000008001324                EXTI2_IRQHandler
                0x0000000008001324                TIM8_CC_IRQHandler
                0x0000000008001324                UART8_IRQHandler
                0x0000000008001324                SPI4_IRQHandler
                0x0000000008001324                TIM1_CC_IRQHandler
                0x0000000008001324                DMA2_Stream5_IRQHandler
                0x0000000008001324                DMA1_Stream5_IRQHandler
                0x0000000008001324                PVD_IRQHandler
                0x0000000008001324                SDIO_IRQHandler
                0x0000000008001324                TAMP_STAMP_IRQHandler
                0x0000000008001324                PendSV_Handler
                0x0000000008001324                CAN2_RX1_IRQHandler
                0x0000000008001324                EXTI3_IRQHandler
                0x0000000008001324                TIM8_TRG_COM_TIM14_IRQHandler
                0x0000000008001324                TIM1_UP_TIM10_IRQHandler
                0x0000000008001324                TIM8_UP_TIM13_IRQHandler
                0x0000000008001324                I2C3_ER_IRQHandler
                0x0000000008001324                EXTI0_IRQHandler
                0x0000000008001324                I2C2_EV_IRQHandler
                0x0000000008001324                DMA1_Stream2_IRQHandler
                0x0000000008001324                CAN1_RX0_IRQHandler
                0x0000000008001324                FPU_IRQHandler
                0x0000000008001324                OTG_HS_WKUP_IRQHandler
                0x0000000008001324                LTDC_ER_IRQHandler
                0x0000000008001324                CAN2_SCE_IRQHandler
                0x0000000008001324                DMA2_Stream2_IRQHandler
                0x0000000008001324                SPI1_IRQHandler
                0x0000000008001324                TIM6_DAC_IRQHandler
                0x0000000008001324                TIM1_BRK_TIM9_IRQHandler
                0x0000000008001324                DCMI_IRQHandler
                0x0000000008001324                CAN2_RX0_IRQHandler
                0x0000000008001324                DMA2_Stream3_IRQHandler
                0x0000000008001324                USART6_IRQHandler
                0x0000000008001324                USART3_IRQHandler
                0x0000000008001324                CAN1_RX1_IRQHandler
                0x0000000008001324                UART5_IRQHandler
                0x0000000008001324                DMA2_Stream0_IRQHandler
                0x0000000008001324                TIM4_IRQHandler
                0x0000000008001324                I2C1_EV_IRQHandler
                0x0000000008001324                DMA1_Stream6_IRQHandler
                0x0000000008001324                DMA1_Stream1_IRQHandler
                0x0000000008001324                UART4_IRQHandler
                0x0000000008001324                TIM3_IRQHandler
                0x0000000008001324                RCC_IRQHandler
                0x0000000008001324                TIM8_BRK_TIM12_IRQHandler
                0x0000000008001324                Default_Handler
                0x0000000008001324                EXTI15_10_IRQHandler
                0x0000000008001324                ADC_IRQHandler
                0x0000000008001324                DMA1_Stream7_IRQHandler
                0x0000000008001324                SPI5_IRQHandler
                0x0000000008001324                TIM7_IRQHandler
                0x0000000008001324                CAN2_TX_IRQHandler
                0x0000000008001324                TIM5_IRQHandler
                0x0000000008001324                DMA2_Stream7_IRQHandler
                0x0000000008001324                I2C3_EV_IRQHandler
                0x0000000008001324                EXTI9_5_IRQHandler
                0x0000000008001324                RTC_WKUP_IRQHandler
                0x0000000008001324                LTDC_IRQHandler
                0x0000000008001324                ETH_WKUP_IRQHandler
                0x0000000008001324                SPI2_IRQHandler
                0x0000000008001324                OTG_HS_EP1_IN_IRQHandler
                0x0000000008001324                DMA1_Stream0_IRQHandler
                0x0000000008001324                CAN1_TX_IRQHandler
                0x0000000008001324                SVC_Handler
                0x0000000008001324                EXTI4_IRQHandler
                0x0000000008001324                ETH_IRQHandler
                0x0000000008001324                OTG_HS_EP1_OUT_IRQHandler
                0x0000000008001324                WWDG_IRQHandler
                0x0000000008001324                SPI6_IRQHandler
                0x0000000008001324                TIM2_IRQHandler
                0x0000000008001324                OTG_FS_WKUP_IRQHandler
                0x0000000008001324                TIM1_TRG_COM_TIM11_IRQHandler
                0x0000000008001324                OTG_HS_IRQHandler
                0x0000000008001324                DMA2D_IRQHandler
                0x0000000008001324                EXTI1_IRQHandler
                0x0000000008001324                UART7_IRQHandler
                0x0000000008001324                USART2_IRQHandler
                0x0000000008001324                I2C2_ER_IRQHandler
                0x0000000008001324                DMA2_Stream1_IRQHandler
                0x0000000008001324                CAN1_SCE_IRQHandler
                0x0000000008001324                FLASH_IRQHandler
                0x0000000008001324                DMA2_Stream4_IRQHandler
                0x0000000008001324                OTG_FS_IRQHandler
                0x0000000008001324                SPI3_IRQHandler
                0x0000000008001324                DMA1_Stream4_IRQHandler
                0x0000000008001324                I2C1_ER_IRQHandler
                0x0000000008001324                FMC_IRQHandler
                0x0000000008001324                DMA2_Stream6_IRQHandler
                0x0000000008001324                SAI1_IRQHandler
                0x0000000008001324                DMA1_Stream3_IRQHandler
 *fill*         0x0000000008001326        0x2 
 .text.main     0x0000000008001328       0x9c CMakeFiles/demo.elf.dir/APP/src/main.c.o
                0x0000000008001328                main
 .text.UART_COM_CPLT_Callback
                0x00000000080013c4       0x1c CMakeFiles/demo.elf.dir/APP/src/main.c.o
                0x00000000080013c4                UART_COM_CPLT_Callback
 .text.led_init
                0x00000000080013e0       0x58 CMakeFiles/demo.elf.dir/APP/src/LED.c.o
                0x00000000080013e0                led_init
 .text.HAL_MspInit
                0x0000000008001438        0xe CMakeFiles/demo.elf.dir/APP/src/stm32f4xx_hal_msp.c.o
                0x0000000008001438                HAL_MspInit
 .text.NMI_Handler
                0x0000000008001446        0xe CMakeFiles/demo.elf.dir/APP/src/stm32f4xx_it.c.o
                0x0000000008001446                NMI_Handler
 .text.HardFault_Handler
                0x0000000008001454        0x6 CMakeFiles/demo.elf.dir/APP/src/stm32f4xx_it.c.o
                0x0000000008001454                HardFault_Handler
 .text.MemManage_Handler
                0x000000000800145a        0x6 CMakeFiles/demo.elf.dir/APP/src/stm32f4xx_it.c.o
                0x000000000800145a                MemManage_Handler
 .text.BusFault_Handler
                0x0000000008001460        0x6 CMakeFiles/demo.elf.dir/APP/src/stm32f4xx_it.c.o
                0x0000000008001460                BusFault_Handler
 .text.UsageFault_Handler
                0x0000000008001466        0x6 CMakeFiles/demo.elf.dir/APP/src/stm32f4xx_it.c.o
                0x0000000008001466                UsageFault_Handler
 .text.DebugMon_Handler
                0x000000000800146c        0xe CMakeFiles/demo.elf.dir/APP/src/stm32f4xx_it.c.o
                0x000000000800146c                DebugMon_Handler
 .text.SysTick_Handler
                0x000000000800147a        0xc CMakeFiles/demo.elf.dir/APP/src/stm32f4xx_it.c.o
                0x000000000800147a                SysTick_Handler
 *fill*         0x0000000008001486        0x2 
 .text.Stm32_Clock_Init
                0x0000000008001488       0xe4 CMakeFiles/demo.elf.dir/BSP/src/bsp.c.o
                0x0000000008001488                Stm32_Clock_Init
 .text.delay_init
                0x000000000800156c       0x24 CMakeFiles/demo.elf.dir/BSP/src/bsp.c.o
                0x000000000800156c                delay_init
 .text.delay_us
                0x0000000008001590       0x7c CMakeFiles/demo.elf.dir/BSP/src/bsp.c.o
                0x0000000008001590                delay_us
 .text.delay_ms
                0x000000000800160c       0x30 CMakeFiles/demo.elf.dir/BSP/src/bsp.c.o
                0x000000000800160c                delay_ms
 .text.bsp_init
                0x000000000800163c       0x26 CMakeFiles/demo.elf.dir/BSP/src/bsp.c.o
                0x000000000800163c                bsp_init
 .text.rbget    0x0000000008001662       0x4e CMakeFiles/demo.elf.dir/BSP/src/ringbuffer.c.o
                0x0000000008001662                rbget
 .text.uart_init
                0x00000000080016b0       0x50 CMakeFiles/demo.elf.dir/BSP/src/USART_COM.c.o
                0x00000000080016b0                uart_init
 .text.HAL_UART_MspInit
                0x0000000008001700       0x90 CMakeFiles/demo.elf.dir/BSP/src/USART_COM.c.o
                0x0000000008001700                HAL_UART_MspInit
 .text.__io_putchar
                0x0000000008001790       0x30 CMakeFiles/demo.elf.dir/BSP/src/USART_COM.c.o
                0x0000000008001790                __io_putchar
 .text.__io_getchar
                0x00000000080017c0       0x98 CMakeFiles/demo.elf.dir/BSP/src/USART_COM.c.o
                0x00000000080017c0                __io_getchar
 .text.HAL_UART_RxCpltCallback
                0x0000000008001858       0xdc CMakeFiles/demo.elf.dir/BSP/src/USART_COM.c.o
                0x0000000008001858                HAL_UART_RxCpltCallback
 .text.USART1_IRQHandler
                0x0000000008001934       0x70 CMakeFiles/demo.elf.dir/BSP/src/USART_COM.c.o
                0x0000000008001934                USART1_IRQHandler
 .text.SystemInit
                0x00000000080019a4       0x6c CMakeFiles/demo.elf.dir/CMSIS/src/system_stm32f4xx.c.o
                0x00000000080019a4                SystemInit
 .text._read    0x0000000008001a10       0x3a CMakeFiles/demo.elf.dir/newlib/syscalls.c.o
                0x0000000008001a10                _read
 .text._write   0x0000000008001a4a       0x38 CMakeFiles/demo.elf.dir/newlib/syscalls.c.o
                0x0000000008001a4a                _write
 *fill*         0x0000000008001a82        0x2 
 .text._sbrk    0x0000000008001a84       0x5c CMakeFiles/demo.elf.dir/newlib/syscalls.c.o
                0x0000000008001a84                _sbrk
 .text._close   0x0000000008001ae0       0x18 CMakeFiles/demo.elf.dir/newlib/syscalls.c.o
                0x0000000008001ae0                _close
 .text._fstat   0x0000000008001af8       0x20 CMakeFiles/demo.elf.dir/newlib/syscalls.c.o
                0x0000000008001af8                _fstat
 .text._isatty  0x0000000008001b18       0x16 CMakeFiles/demo.elf.dir/newlib/syscalls.c.o
                0x0000000008001b18                _isatty
 .text._lseek   0x0000000008001b2e       0x1a CMakeFiles/demo.elf.dir/newlib/syscalls.c.o
                0x0000000008001b2e                _lseek
 .text.HAL_InitTick
                0x0000000008001b48       0x2c STM32F4xx_HAL_Driver/libSTM32F4_HAL_LIB.a(stm32f4xx_hal.c.o)
                0x0000000008001b48                HAL_InitTick
 .text.HAL_Init
                0x0000000008001b74       0x34 STM32F4xx_HAL_Driver/libSTM32F4_HAL_LIB.a(stm32f4xx_hal.c.o)
                0x0000000008001b74                HAL_Init
 .text.HAL_IncTick
                0x0000000008001ba8       0x10 STM32F4xx_HAL_Driver/libSTM32F4_HAL_LIB.a(stm32f4xx_hal.c.o)
                0x0000000008001ba8                HAL_IncTick
 .text.HAL_GetTick
                0x0000000008001bb8        0xc STM32F4xx_HAL_Driver/libSTM32F4_HAL_LIB.a(stm32f4xx_hal.c.o)
                0x0000000008001bb8                HAL_GetTick
 .text.HAL_NVIC_SetPriorityGrouping
                0x0000000008001bc4       0x24 STM32F4xx_HAL_Driver/libSTM32F4_HAL_LIB.a(stm32f4xx_hal_cortex.c.o)
                0x0000000008001bc4                HAL_NVIC_SetPriorityGrouping
 .text.HAL_NVIC_SetPriority
                0x0000000008001be8       0x64 STM32F4xx_HAL_Driver/libSTM32F4_HAL_LIB.a(stm32f4xx_hal_cortex.c.o)
                0x0000000008001be8                HAL_NVIC_SetPriority
 .text.HAL_NVIC_EnableIRQ
                0x0000000008001c4c       0x18 STM32F4xx_HAL_Driver/libSTM32F4_HAL_LIB.a(stm32f4xx_hal_cortex.c.o)
                0x0000000008001c4c                HAL_NVIC_EnableIRQ
 .text.HAL_SYSTICK_Config
                0x0000000008001c64       0x2c STM32F4xx_HAL_Driver/libSTM32F4_HAL_LIB.a(stm32f4xx_hal_cortex.c.o)
                0x0000000008001c64                HAL_SYSTICK_Config
 .text.HAL_SYSTICK_CLKSourceConfig
                0x0000000008001c90       0x18 STM32F4xx_HAL_Driver/libSTM32F4_HAL_LIB.a(stm32f4xx_hal_cortex.c.o)
                0x0000000008001c90                HAL_SYSTICK_CLKSourceConfig
 .text.HAL_GPIO_Init
                0x0000000008001ca8      0x1e8 STM32F4xx_HAL_Driver/libSTM32F4_HAL_LIB.a(stm32f4xx_hal_gpio.c.o)
                0x0000000008001ca8                HAL_GPIO_Init
 .text.HAL_PWREx_EnableOverDrive
                0x0000000008001e90       0x98 STM32F4xx_HAL_Driver/libSTM32F4_HAL_LIB.a(stm32f4xx_hal_pwr_ex.c.o)
                0x0000000008001e90                HAL_PWREx_EnableOverDrive
 .text.HAL_RCC_OscConfig
                0x0000000008001f28      0x32c STM32F4xx_HAL_Driver/libSTM32F4_HAL_LIB.a(stm32f4xx_hal_rcc.c.o)
                0x0000000008001f28                HAL_RCC_OscConfig
 .text.HAL_RCC_GetSysClockFreq
                0x0000000008002254       0x74 STM32F4xx_HAL_Driver/libSTM32F4_HAL_LIB.a(stm32f4xx_hal_rcc.c.o)
                0x0000000008002254                HAL_RCC_GetSysClockFreq
 .text.HAL_RCC_ClockConfig
                0x00000000080022c8      0x168 STM32F4xx_HAL_Driver/libSTM32F4_HAL_LIB.a(stm32f4xx_hal_rcc.c.o)
                0x00000000080022c8                HAL_RCC_ClockConfig
 .text.HAL_RCC_GetPCLK1Freq
                0x0000000008002430       0x30 STM32F4xx_HAL_Driver/libSTM32F4_HAL_LIB.a(stm32f4xx_hal_rcc.c.o)
                0x0000000008002430                HAL_RCC_GetPCLK1Freq
 .text.HAL_RCC_GetPCLK2Freq
                0x0000000008002460       0x30 STM32F4xx_HAL_Driver/libSTM32F4_HAL_LIB.a(stm32f4xx_hal_rcc.c.o)
                0x0000000008002460                HAL_RCC_GetPCLK2Freq
 .text.UART_EndRxTransfer
                0x0000000008002490       0x1a STM32F4xx_HAL_Driver/libSTM32F4_HAL_LIB.a(stm32f4xx_hal_uart.c.o)
 *fill*         0x00000000080024aa        0x2 
 .text.UART_SetConfig
                0x00000000080024ac      0x228 STM32F4xx_HAL_Driver/libSTM32F4_HAL_LIB.a(stm32f4xx_hal_uart.c.o)
 .text.HAL_UART_Init
                0x00000000080026d4       0x5c STM32F4xx_HAL_Driver/libSTM32F4_HAL_LIB.a(stm32f4xx_hal_uart.c.o)
                0x00000000080026d4                HAL_UART_Init
 .text.HAL_UART_Receive_IT
                0x0000000008002730       0x46 STM32F4xx_HAL_Driver/libSTM32F4_HAL_LIB.a(stm32f4xx_hal_uart.c.o)
                0x0000000008002730                HAL_UART_Receive_IT
 .text.HAL_UART_TxCpltCallback
                0x0000000008002776        0x2 STM32F4xx_HAL_Driver/libSTM32F4_HAL_LIB.a(stm32f4xx_hal_uart.c.o)
                0x0000000008002776                HAL_UART_TxCpltCallback
 .text.UART_Receive_IT
                0x0000000008002778       0x6e STM32F4xx_HAL_Driver/libSTM32F4_HAL_LIB.a(stm32f4xx_hal_uart.c.o)
 .text.HAL_UART_ErrorCallback
                0x00000000080027e6        0x2 STM32F4xx_HAL_Driver/libSTM32F4_HAL_LIB.a(stm32f4xx_hal_uart.c.o)
                0x00000000080027e6                HAL_UART_ErrorCallback
 .text.HAL_UART_IRQHandler
                0x00000000080027e8      0x140 STM32F4xx_HAL_Driver/libSTM32F4_HAL_LIB.a(stm32f4xx_hal_uart.c.o)
                0x00000000080027e8                HAL_UART_IRQHandler
 .text.UART_DMAAbortOnError
                0x0000000008002928       0x10 STM32F4xx_HAL_Driver/libSTM32F4_HAL_LIB.a(stm32f4xx_hal_uart.c.o)
 .text.HAL_UART_GetState
                0x0000000008002938        0xc STM32F4xx_HAL_Driver/libSTM32F4_HAL_LIB.a(stm32f4xx_hal_uart.c.o)
                0x0000000008002938                HAL_UART_GetState
 .text.HAL_DMA_Abort_IT
                0x0000000008002944       0x24 STM32F4xx_HAL_Driver/libSTM32F4_HAL_LIB.a(stm32f4xx_hal_dma.c.o)
                0x0000000008002944                HAL_DMA_Abort_IT
 .text.printf   0x0000000008002968       0x28 /usr/gcc-arm-none-eabi-9-2019-q4-major/bin/../lib/gcc/arm-none-eabi/9.2.1/../../../../arm-none-eabi/lib/thumb/v7e-m+fp/hard/libc.a(lib_a-printf.o)
                0x0000000008002968                printf
 .text._vfprintf_r
                0x0000000008002990     0x1be0 /usr/gcc-arm-none-eabi-9-2019-q4-major/bin/../lib/gcc/arm-none-eabi/9.2.1/../../../../arm-none-eabi/lib/thumb/v7e-m+fp/hard/libc.a(lib_a-vfprintf.o)
                0x0000000008002990                _vfprintf_r
 .text.__sbprintf
                0x0000000008004570       0x84 /usr/gcc-arm-none-eabi-9-2019-q4-major/bin/../lib/gcc/arm-none-eabi/9.2.1/../../../../arm-none-eabi/lib/thumb/v7e-m+fp/hard/libc.a(lib_a-vfprintf.o)
 .text.__swsetup_r
                0x00000000080045f4       0xd0 /usr/gcc-arm-none-eabi-9-2019-q4-major/bin/../lib/gcc/arm-none-eabi/9.2.1/../../../../arm-none-eabi/lib/thumb/v7e-m+fp/hard/libc.a(lib_a-wsetup.o)
                0x00000000080045f4                __swsetup_r
 .text.quorem   0x00000000080046c4      0x11c /usr/gcc-arm-none-eabi-9-2019-q4-major/bin/../lib/gcc/arm-none-eabi/9.2.1/../../../../arm-none-eabi/lib/thumb/v7e-m+fp/hard/libc.a(lib_a-dtoa.o)
 .text._dtoa_r  0x00000000080047e0      0xeec /usr/gcc-arm-none-eabi-9-2019-q4-major/bin/../lib/gcc/arm-none-eabi/9.2.1/../../../../arm-none-eabi/lib/thumb/v7e-m+fp/hard/libc.a(lib_a-dtoa.o)
                0x00000000080047e0                _dtoa_r
 .text.__sflush_r
                0x00000000080056cc      0x130 /usr/gcc-arm-none-eabi-9-2019-q4-major/bin/../lib/gcc/arm-none-eabi/9.2.1/../../../../arm-none-eabi/lib/thumb/v7e-m+fp/hard/libc.a(lib_a-fflush.o)
                0x00000000080056cc                __sflush_r
 .text._fflush_r
                0x00000000080057fc       0x5c /usr/gcc-arm-none-eabi-9-2019-q4-major/bin/../lib/gcc/arm-none-eabi/9.2.1/../../../../arm-none-eabi/lib/thumb/v7e-m+fp/hard/libc.a(lib_a-fflush.o)
                0x00000000080057fc                _fflush_r
 .text.std      0x0000000008005858       0x50 /usr/gcc-arm-none-eabi-9-2019-q4-major/bin/../lib/gcc/arm-none-eabi/9.2.1/../../../../arm-none-eabi/lib/thumb/v7e-m+fp/hard/libc.a(lib_a-findfp.o)
 .text._cleanup_r
                0x00000000080058a8        0xc /usr/gcc-arm-none-eabi-9-2019-q4-major/bin/../lib/gcc/arm-none-eabi/9.2.1/../../../../arm-none-eabi/lib/thumb/v7e-m+fp/hard/libc.a(lib_a-findfp.o)
                0x00000000080058a8                _cleanup_r
 .text.__sinit  0x00000000080058b4       0x54 /usr/gcc-arm-none-eabi-9-2019-q4-major/bin/../lib/gcc/arm-none-eabi/9.2.1/../../../../arm-none-eabi/lib/thumb/v7e-m+fp/hard/libc.a(lib_a-findfp.o)
                0x00000000080058b4                __sinit
 .text.__sfp_lock_acquire
                0x0000000008005908        0xc /usr/gcc-arm-none-eabi-9-2019-q4-major/bin/../lib/gcc/arm-none-eabi/9.2.1/../../../../arm-none-eabi/lib/thumb/v7e-m+fp/hard/libc.a(lib_a-findfp.o)
                0x0000000008005908                __sfp_lock_acquire
 .text.__sfp_lock_release
                0x0000000008005914        0xc /usr/gcc-arm-none-eabi-9-2019-q4-major/bin/../lib/gcc/arm-none-eabi/9.2.1/../../../../arm-none-eabi/lib/thumb/v7e-m+fp/hard/libc.a(lib_a-findfp.o)
                0x0000000008005914                __sfp_lock_release
 .text._malloc_trim_r
                0x0000000008005920       0xa0 /usr/gcc-arm-none-eabi-9-2019-q4-major/bin/../lib/gcc/arm-none-eabi/9.2.1/../../../../arm-none-eabi/lib/thumb/v7e-m+fp/hard/libc.a(lib_a-freer.o)
                0x0000000008005920                _malloc_trim_r
 .text._free_r  0x00000000080059c0      0x208 /usr/gcc-arm-none-eabi-9-2019-q4-major/bin/../lib/gcc/arm-none-eabi/9.2.1/../../../../arm-none-eabi/lib/thumb/v7e-m+fp/hard/libc.a(lib_a-freer.o)
                0x00000000080059c0                _free_r
 .text._fwalk_reent
                0x0000000008005bc8       0x48 /usr/gcc-arm-none-eabi-9-2019-q4-major/bin/../lib/gcc/arm-none-eabi/9.2.1/../../../../arm-none-eabi/lib/thumb/v7e-m+fp/hard/libc.a(lib_a-fwalk.o)
                0x0000000008005bc8                _fwalk_reent
 .text._localeconv_r
                0x0000000008005c10        0x8 /usr/gcc-arm-none-eabi-9-2019-q4-major/bin/../lib/gcc/arm-none-eabi/9.2.1/../../../../arm-none-eabi/lib/thumb/v7e-m+fp/hard/libc.a(lib_a-localeconv.o)
                0x0000000008005c10                _localeconv_r
 .text.__swhatbuf_r
                0x0000000008005c18       0x5c /usr/gcc-arm-none-eabi-9-2019-q4-major/bin/../lib/gcc/arm-none-eabi/9.2.1/../../../../arm-none-eabi/lib/thumb/v7e-m+fp/hard/libc.a(lib_a-makebuf.o)
                0x0000000008005c18                __swhatbuf_r
 .text.__smakebuf_r
                0x0000000008005c74       0x98 /usr/gcc-arm-none-eabi-9-2019-q4-major/bin/../lib/gcc/arm-none-eabi/9.2.1/../../../../arm-none-eabi/lib/thumb/v7e-m+fp/hard/libc.a(lib_a-makebuf.o)
                0x0000000008005c74                __smakebuf_r
 .text._malloc_r
                0x0000000008005d0c      0x574 /usr/gcc-arm-none-eabi-9-2019-q4-major/bin/../lib/gcc/arm-none-eabi/9.2.1/../../../../arm-none-eabi/lib/thumb/v7e-m+fp/hard/libc.a(lib_a-mallocr.o)
                0x0000000008005d0c                _malloc_r
 .text.__malloc_lock
                0x0000000008006280        0xc /usr/gcc-arm-none-eabi-9-2019-q4-major/bin/../lib/gcc/arm-none-eabi/9.2.1/../../../../arm-none-eabi/lib/thumb/v7e-m+fp/hard/libc.a(lib_a-mlock.o)
                0x0000000008006280                __malloc_lock
 .text.__malloc_unlock
                0x000000000800628c        0xc /usr/gcc-arm-none-eabi-9-2019-q4-major/bin/../lib/gcc/arm-none-eabi/9.2.1/../../../../arm-none-eabi/lib/thumb/v7e-m+fp/hard/libc.a(lib_a-mlock.o)
                0x000000000800628c                __malloc_unlock
 .text._Balloc  0x0000000008006298       0x4c /usr/gcc-arm-none-eabi-9-2019-q4-major/bin/../lib/gcc/arm-none-eabi/9.2.1/../../../../arm-none-eabi/lib/thumb/v7e-m+fp/hard/libc.a(lib_a-mprec.o)
                0x0000000008006298                _Balloc
 .text._Bfree   0x00000000080062e4       0x14 /usr/gcc-arm-none-eabi-9-2019-q4-major/bin/../lib/gcc/arm-none-eabi/9.2.1/../../../../arm-none-eabi/lib/thumb/v7e-m+fp/hard/libc.a(lib_a-mprec.o)
                0x00000000080062e4                _Bfree
 .text.__multadd
                0x00000000080062f8       0x8c /usr/gcc-arm-none-eabi-9-2019-q4-major/bin/../lib/gcc/arm-none-eabi/9.2.1/../../../../arm-none-eabi/lib/thumb/v7e-m+fp/hard/libc.a(lib_a-mprec.o)
                0x00000000080062f8                __multadd
 .text.__hi0bits
                0x0000000008006384       0x40 /usr/gcc-arm-none-eabi-9-2019-q4-major/bin/../lib/gcc/arm-none-eabi/9.2.1/../../../../arm-none-eabi/lib/thumb/v7e-m+fp/hard/libc.a(lib_a-mprec.o)
                0x0000000008006384                __hi0bits
 .text.__lo0bits
                0x00000000080063c4       0x60 /usr/gcc-arm-none-eabi-9-2019-q4-major/bin/../lib/gcc/arm-none-eabi/9.2.1/../../../../arm-none-eabi/lib/thumb/v7e-m+fp/hard/libc.a(lib_a-mprec.o)
                0x00000000080063c4                __lo0bits
 .text.__i2b    0x0000000008006424       0x14 /usr/gcc-arm-none-eabi-9-2019-q4-major/bin/../lib/gcc/arm-none-eabi/9.2.1/../../../../arm-none-eabi/lib/thumb/v7e-m+fp/hard/libc.a(lib_a-mprec.o)
                0x0000000008006424                __i2b
 .text.__multiply
                0x0000000008006438      0x144 /usr/gcc-arm-none-eabi-9-2019-q4-major/bin/../lib/gcc/arm-none-eabi/9.2.1/../../../../arm-none-eabi/lib/thumb/v7e-m+fp/hard/libc.a(lib_a-mprec.o)
                0x0000000008006438                __multiply
 .text.__pow5mult
                0x000000000800657c       0xa0 /usr/gcc-arm-none-eabi-9-2019-q4-major/bin/../lib/gcc/arm-none-eabi/9.2.1/../../../../arm-none-eabi/lib/thumb/v7e-m+fp/hard/libc.a(lib_a-mprec.o)
                0x000000000800657c                __pow5mult
 .text.__lshift
                0x000000000800661c       0xd4 /usr/gcc-arm-none-eabi-9-2019-q4-major/bin/../lib/gcc/arm-none-eabi/9.2.1/../../../../arm-none-eabi/lib/thumb/v7e-m+fp/hard/libc.a(lib_a-mprec.o)
                0x000000000800661c                __lshift
 .text.__mcmp   0x00000000080066f0       0x3c /usr/gcc-arm-none-eabi-9-2019-q4-major/bin/../lib/gcc/arm-none-eabi/9.2.1/../../../../arm-none-eabi/lib/thumb/v7e-m+fp/hard/libc.a(lib_a-mprec.o)
                0x00000000080066f0                __mcmp
 .text.__mdiff  0x000000000800672c      0x138 /usr/gcc-arm-none-eabi-9-2019-q4-major/bin/../lib/gcc/arm-none-eabi/9.2.1/../../../../arm-none-eabi/lib/thumb/v7e-m+fp/hard/libc.a(lib_a-mprec.o)
                0x000000000800672c                __mdiff
 .text.__d2b    0x0000000008006864       0xbc /usr/gcc-arm-none-eabi-9-2019-q4-major/bin/../lib/gcc/arm-none-eabi/9.2.1/../../../../arm-none-eabi/lib/thumb/v7e-m+fp/hard/libc.a(lib_a-mprec.o)
                0x0000000008006864                __d2b
 .text.frexp    0x0000000008006920       0x6c /usr/gcc-arm-none-eabi-9-2019-q4-major/bin/../lib/gcc/arm-none-eabi/9.2.1/../../../../arm-none-eabi/lib/thumb/v7e-m+fp/hard/libc.a(lib_a-s_frexp.o)
                0x0000000008006920                frexp
 .text._sbrk_r  0x000000000800698c       0x24 /usr/gcc-arm-none-eabi-9-2019-q4-major/bin/../lib/gcc/arm-none-eabi/9.2.1/../../../../arm-none-eabi/lib/thumb/v7e-m+fp/hard/libc.a(lib_a-sbrkr.o)
                0x000000000800698c                _sbrk_r
 .text.__sread  0x00000000080069b0       0x24 /usr/gcc-arm-none-eabi-9-2019-q4-major/bin/../lib/gcc/arm-none-eabi/9.2.1/../../../../arm-none-eabi/lib/thumb/v7e-m+fp/hard/libc.a(lib_a-stdio.o)
                0x00000000080069b0                __sread
 .text.__swrite
                0x00000000080069d4       0x40 /usr/gcc-arm-none-eabi-9-2019-q4-major/bin/../lib/gcc/arm-none-eabi/9.2.1/../../../../arm-none-eabi/lib/thumb/v7e-m+fp/hard/libc.a(lib_a-stdio.o)
                0x00000000080069d4                __swrite
 .text.__sseek  0x0000000008006a14       0x20 /usr/gcc-arm-none-eabi-9-2019-q4-major/bin/../lib/gcc/arm-none-eabi/9.2.1/../../../../arm-none-eabi/lib/thumb/v7e-m+fp/hard/libc.a(lib_a-stdio.o)
                0x0000000008006a14                __sseek
 .text.__sclose
                0x0000000008006a34        0x8 /usr/gcc-arm-none-eabi-9-2019-q4-major/bin/../lib/gcc/arm-none-eabi/9.2.1/../../../../arm-none-eabi/lib/thumb/v7e-m+fp/hard/libc.a(lib_a-stdio.o)
                0x0000000008006a34                __sclose
 .text.strncpy  0x0000000008006a3c       0x68 /usr/gcc-arm-none-eabi-9-2019-q4-major/bin/../lib/gcc/arm-none-eabi/9.2.1/../../../../arm-none-eabi/lib/thumb/v7e-m+fp/hard/libc.a(lib_a-strncpy.o)
                0x0000000008006a3c                strncpy
 .text.__sprint_r.part.0
                0x0000000008006aa4       0x78 /usr/gcc-arm-none-eabi-9-2019-q4-major/bin/../lib/gcc/arm-none-eabi/9.2.1/../../../../arm-none-eabi/lib/thumb/v7e-m+fp/hard/libc.a(lib_a-vfiprintf.o)
 .text.__sprint_r
                0x0000000008006b1c       0x18 /usr/gcc-arm-none-eabi-9-2019-q4-major/bin/../lib/gcc/arm-none-eabi/9.2.1/../../../../arm-none-eabi/lib/thumb/v7e-m+fp/hard/libc.a(lib_a-vfiprintf.o)
                0x0000000008006b1c                __sprint_r
 .text._write_r
                0x0000000008006b34       0x2c /usr/gcc-arm-none-eabi-9-2019-q4-major/bin/../lib/gcc/arm-none-eabi/9.2.1/../../../../arm-none-eabi/lib/thumb/v7e-m+fp/hard/libc.a(lib_a-writer.o)
                0x0000000008006b34                _write_r
 .text._calloc_r
                0x0000000008006b60       0x60 /usr/gcc-arm-none-eabi-9-2019-q4-major/bin/../lib/gcc/arm-none-eabi/9.2.1/../../../../arm-none-eabi/lib/thumb/v7e-m+fp/hard/libc.a(lib_a-callocr.o)
                0x0000000008006b60                _calloc_r
 .text._close_r
                0x0000000008006bc0       0x24 /usr/gcc-arm-none-eabi-9-2019-q4-major/bin/../lib/gcc/arm-none-eabi/9.2.1/../../../../arm-none-eabi/lib/thumb/v7e-m+fp/hard/libc.a(lib_a-closer.o)
                0x0000000008006bc0                _close_r
 .text._fclose_r
                0x0000000008006be4       0xcc /usr/gcc-arm-none-eabi-9-2019-q4-major/bin/../lib/gcc/arm-none-eabi/9.2.1/../../../../arm-none-eabi/lib/thumb/v7e-m+fp/hard/libc.a(lib_a-fclose.o)
                0x0000000008006be4                _fclose_r
 .text.__fputwc
                0x0000000008006cb0       0xa8 /usr/gcc-arm-none-eabi-9-2019-q4-major/bin/../lib/gcc/arm-none-eabi/9.2.1/../../../../arm-none-eabi/lib/thumb/v7e-m+fp/hard/libc.a(lib_a-fputwc.o)
                0x0000000008006cb0                __fputwc
 .text._fputwc_r
                0x0000000008006d58       0x68 /usr/gcc-arm-none-eabi-9-2019-q4-major/bin/../lib/gcc/arm-none-eabi/9.2.1/../../../../arm-none-eabi/lib/thumb/v7e-m+fp/hard/libc.a(lib_a-fputwc.o)
                0x0000000008006d58                _fputwc_r
 .text._fstat_r
                0x0000000008006dc0       0x2c /usr/gcc-arm-none-eabi-9-2019-q4-major/bin/../lib/gcc/arm-none-eabi/9.2.1/../../../../arm-none-eabi/lib/thumb/v7e-m+fp/hard/libc.a(lib_a-fstatr.o)
                0x0000000008006dc0                _fstat_r
 .text.__sfvwrite_r
                0x0000000008006dec      0x2e0 /usr/gcc-arm-none-eabi-9-2019-q4-major/bin/../lib/gcc/arm-none-eabi/9.2.1/../../../../arm-none-eabi/lib/thumb/v7e-m+fp/hard/libc.a(lib_a-fvwrite.o)
                0x0000000008006dec                __sfvwrite_r
 .text._isatty_r
                0x00000000080070cc       0x24 /usr/gcc-arm-none-eabi-9-2019-q4-major/bin/../lib/gcc/arm-none-eabi/9.2.1/../../../../arm-none-eabi/lib/thumb/v7e-m+fp/hard/libc.a(lib_a-isattyr.o)
                0x00000000080070cc                _isatty_r
 .text.__locale_mb_cur_max
                0x00000000080070f0        0xc /usr/gcc-arm-none-eabi-9-2019-q4-major/bin/../lib/gcc/arm-none-eabi/9.2.1/../../../../arm-none-eabi/lib/thumb/v7e-m+fp/hard/libc.a(lib_a-locale.o)
                0x00000000080070f0                __locale_mb_cur_max
 .text._lseek_r
                0x00000000080070fc       0x2c /usr/gcc-arm-none-eabi-9-2019-q4-major/bin/../lib/gcc/arm-none-eabi/9.2.1/../../../../arm-none-eabi/lib/thumb/v7e-m+fp/hard/libc.a(lib_a-lseekr.o)
                0x00000000080070fc                _lseek_r
 .text.__ascii_mbtowc
                0x0000000008007128       0x2c /usr/gcc-arm-none-eabi-9-2019-q4-major/bin/../lib/gcc/arm-none-eabi/9.2.1/../../../../arm-none-eabi/lib/thumb/v7e-m+fp/hard/libc.a(lib_a-mbtowc_r.o)
                0x0000000008007128                __ascii_mbtowc
 .text.memmove  0x0000000008007154       0xd8 /usr/gcc-arm-none-eabi-9-2019-q4-major/bin/../lib/gcc/arm-none-eabi/9.2.1/../../../../arm-none-eabi/lib/thumb/v7e-m+fp/hard/libc.a(lib_a-memmove.o)
                0x0000000008007154                memmove
 .text._read_r  0x000000000800722c       0x2c /usr/gcc-arm-none-eabi-9-2019-q4-major/bin/../lib/gcc/arm-none-eabi/9.2.1/../../../../arm-none-eabi/lib/thumb/v7e-m+fp/hard/libc.a(lib_a-readr.o)
                0x000000000800722c                _read_r
 .text._realloc_r
                0x0000000008007258      0x3e0 /usr/gcc-arm-none-eabi-9-2019-q4-major/bin/../lib/gcc/arm-none-eabi/9.2.1/../../../../arm-none-eabi/lib/thumb/v7e-m+fp/hard/libc.a(lib_a-reallocr.o)
                0x0000000008007258                _realloc_r
 .text.__swbuf_r
                0x0000000008007638       0xb0 /usr/gcc-arm-none-eabi-9-2019-q4-major/bin/../lib/gcc/arm-none-eabi/9.2.1/../../../../arm-none-eabi/lib/thumb/v7e-m+fp/hard/libc.a(lib_a-wbuf.o)
                0x0000000008007638                __swbuf_r
 .text._wcrtomb_r
                0x00000000080076e8       0x3c /usr/gcc-arm-none-eabi-9-2019-q4-major/bin/../lib/gcc/arm-none-eabi/9.2.1/../../../../arm-none-eabi/lib/thumb/v7e-m+fp/hard/libc.a(lib_a-wcrtomb.o)
                0x00000000080076e8                _wcrtomb_r
 .text.__ascii_wctomb
                0x0000000008007724       0x1c /usr/gcc-arm-none-eabi-9-2019-q4-major/bin/../lib/gcc/arm-none-eabi/9.2.1/../../../../arm-none-eabi/lib/thumb/v7e-m+fp/hard/libc.a(lib_a-wctomb_r.o)
                0x0000000008007724                __ascii_wctomb
 *(.glue_7)
 .glue_7        0x0000000008007740        0x0 linker stubs
 *(.glue_7t)
 .glue_7t       0x0000000008007740        0x0 linker stubs
 *(.eh_frame)
 .eh_frame      0x0000000008007740        0x0 /usr/gcc-arm-none-eabi-9-2019-q4-major/bin/../lib/gcc/arm-none-eabi/9.2.1/thumb/v7e-m+fp/hard/crtbegin.o
 *(.init)
 .init          0x0000000008007740        0x4 /usr/gcc-arm-none-eabi-9-2019-q4-major/bin/../lib/gcc/arm-none-eabi/9.2.1/thumb/v7e-m+fp/hard/crti.o
                0x0000000008007740                _init
 .init          0x0000000008007744        0x8 /usr/gcc-arm-none-eabi-9-2019-q4-major/bin/../lib/gcc/arm-none-eabi/9.2.1/thumb/v7e-m+fp/hard/crtn.o
 *(.fini)
 .fini          0x000000000800774c        0x4 /usr/gcc-arm-none-eabi-9-2019-q4-major/bin/../lib/gcc/arm-none-eabi/9.2.1/thumb/v7e-m+fp/hard/crti.o
                0x000000000800774c                _fini
 .fini          0x0000000008007750        0x8 /usr/gcc-arm-none-eabi-9-2019-q4-major/bin/../lib/gcc/arm-none-eabi/9.2.1/thumb/v7e-m+fp/hard/crtn.o
                0x0000000008007758                . = ALIGN (0x4)
                0x0000000008007758                _etext = .

.vfp11_veneer   0x0000000008007758        0x0
 .vfp11_veneer  0x0000000008007758        0x0 linker stubs

.v4_bx          0x0000000008007758        0x0
 .v4_bx         0x0000000008007758        0x0 linker stubs

.iplt           0x0000000008007758        0x0
 .iplt          0x0000000008007758        0x0 /usr/gcc-arm-none-eabi-9-2019-q4-major/bin/../lib/gcc/arm-none-eabi/9.2.1/thumb/v7e-m+fp/hard/crtbegin.o

.rodata         0x0000000008007758      0x2a8
                0x0000000008007758                . = ALIGN (0x4)
 *(.rodata)
 .rodata        0x0000000008007758       0x10 CMakeFiles/demo.elf.dir/APP/src/main.c.o
 *(.rodata*)
 .rodata._global_impure_ptr
                0x0000000008007768        0x4 /usr/gcc-arm-none-eabi-9-2019-q4-major/bin/../lib/gcc/arm-none-eabi/9.2.1/../../../../arm-none-eabi/lib/thumb/v7e-m+fp/hard/libc.a(lib_a-impure.o)
                0x0000000008007768                _global_impure_ptr
 .rodata.APBAHBPrescTable
                0x000000000800776c       0x10 STM32F4xx_HAL_Driver/libSTM32F4_HAL_LIB.a(stm32f4xx_hal_rcc.c.o)
                0x000000000800776c                APBAHBPrescTable
 .rodata._vfprintf_r.str1.4
                0x000000000800777c       0x42 /usr/gcc-arm-none-eabi-9-2019-q4-major/bin/../lib/gcc/arm-none-eabi/9.2.1/../../../../arm-none-eabi/lib/thumb/v7e-m+fp/hard/libc.a(lib_a-vfprintf.o)
 *fill*         0x00000000080077be        0x2 
 .rodata.blanks.8723
                0x00000000080077c0       0x10 /usr/gcc-arm-none-eabi-9-2019-q4-major/bin/../lib/gcc/arm-none-eabi/9.2.1/../../../../arm-none-eabi/lib/thumb/v7e-m+fp/hard/libc.a(lib_a-vfprintf.o)
 .rodata.zeroes.8724
                0x00000000080077d0       0x10 /usr/gcc-arm-none-eabi-9-2019-q4-major/bin/../lib/gcc/arm-none-eabi/9.2.1/../../../../arm-none-eabi/lib/thumb/v7e-m+fp/hard/libc.a(lib_a-vfprintf.o)
 .rodata._dtoa_r.str1.4
                0x00000000080077e0        0xd /usr/gcc-arm-none-eabi-9-2019-q4-major/bin/../lib/gcc/arm-none-eabi/9.2.1/../../../../arm-none-eabi/lib/thumb/v7e-m+fp/hard/libc.a(lib_a-dtoa.o)
                                         0x12 (size before relaxing)
 *fill*         0x00000000080077ed        0x3 
 .rodata.__mprec_bigtens
                0x00000000080077f0       0x28 /usr/gcc-arm-none-eabi-9-2019-q4-major/bin/../lib/gcc/arm-none-eabi/9.2.1/../../../../arm-none-eabi/lib/thumb/v7e-m+fp/hard/libc.a(lib_a-mprec.o)
                0x00000000080077f0                __mprec_bigtens
 .rodata.__mprec_tens
                0x0000000008007818       0xc8 /usr/gcc-arm-none-eabi-9-2019-q4-major/bin/../lib/gcc/arm-none-eabi/9.2.1/../../../../arm-none-eabi/lib/thumb/v7e-m+fp/hard/libc.a(lib_a-mprec.o)
                0x0000000008007818                __mprec_tens
 .rodata.p05.7478
                0x00000000080078e0        0xc /usr/gcc-arm-none-eabi-9-2019-q4-major/bin/../lib/gcc/arm-none-eabi/9.2.1/../../../../arm-none-eabi/lib/thumb/v7e-m+fp/hard/libc.a(lib_a-mprec.o)
 .rodata._setlocale_r.str1.4
                0x00000000080078ec        0xa /usr/gcc-arm-none-eabi-9-2019-q4-major/bin/../lib/gcc/arm-none-eabi/9.2.1/../../../../arm-none-eabi/lib/thumb/v7e-m+fp/hard/libc.a(lib_a-locale.o)
                                          0xd (size before relaxing)
 *fill*         0x00000000080078f6        0x2 
 .rodata.str1.4
                0x00000000080078f8        0x2 /usr/gcc-arm-none-eabi-9-2019-q4-major/bin/../lib/gcc/arm-none-eabi/9.2.1/../../../../arm-none-eabi/lib/thumb/v7e-m+fp/hard/libc.a(lib_a-locale.o)
 *fill*         0x00000000080078fa        0x2 
 .rodata._ctype_
                0x00000000080078fc      0x101 /usr/gcc-arm-none-eabi-9-2019-q4-major/bin/../lib/gcc/arm-none-eabi/9.2.1/../../../../arm-none-eabi/lib/thumb/v7e-m+fp/hard/libc.a(lib_a-ctype_.o)
                0x00000000080078fc                _ctype_
                0x0000000008007a00                . = ALIGN (0x4)
 *fill*         0x00000000080079fd        0x3 

.ARM.extab
 *(.ARM.extab* .gnu.linkonce.armextab.*)

.ARM            0x0000000008007a00        0x8
                0x0000000008007a00                __exidx_start = .
 *(.ARM.exidx*)
 .ARM.exidx     0x0000000008007a00        0x8 /usr/gcc-arm-none-eabi-9-2019-q4-major/bin/../lib/gcc/arm-none-eabi/9.2.1/thumb/v7e-m+fp/hard/libgcc.a(_udivmoddi4.o)
                0x0000000008007a08                __exidx_end = .

.rel.dyn        0x0000000008007a08        0x0
 .rel.iplt      0x0000000008007a08        0x0 /usr/gcc-arm-none-eabi-9-2019-q4-major/bin/../lib/gcc/arm-none-eabi/9.2.1/thumb/v7e-m+fp/hard/crtbegin.o

.preinit_array  0x0000000008007a08        0x0
                0x0000000008007a08                PROVIDE (__preinit_array_start = .)
 *(.preinit_array*)
                0x0000000008007a08                PROVIDE (__preinit_array_end = .)

.init_array     0x0000000008007a08        0x8
                0x0000000008007a08                PROVIDE (__init_array_start = .)
 *(SORT_BY_NAME(.init_array.*))
 .init_array.00000
                0x0000000008007a08        0x4 /usr/gcc-arm-none-eabi-9-2019-q4-major/bin/../lib/gcc/arm-none-eabi/9.2.1/../../../../arm-none-eabi/lib/thumb/v7e-m+fp/hard/libc.a(lib_a-__call_atexit.o)
 *(.init_array*)
 .init_array    0x0000000008007a0c        0x4 /usr/gcc-arm-none-eabi-9-2019-q4-major/bin/../lib/gcc/arm-none-eabi/9.2.1/thumb/v7e-m+fp/hard/crtbegin.o
                0x0000000008007a10                PROVIDE (__init_array_end = .)

.fini_array     0x0000000008007a10        0x4
                0x0000000008007a10                PROVIDE (__fini_array_start = .)
 *(SORT_BY_NAME(.fini_array.*))
 *(.fini_array*)
 .fini_array    0x0000000008007a10        0x4 /usr/gcc-arm-none-eabi-9-2019-q4-major/bin/../lib/gcc/arm-none-eabi/9.2.1/thumb/v7e-m+fp/hard/crtbegin.o
                0x0000000008007a14                PROVIDE (__fini_array_end = .)
                0x0000000008007a14                _sidata = LOADADDR (.data)

.data           0x0000000020000000      0x9c8 load address 0x0000000008007a14
                0x0000000020000000                . = ALIGN (0x4)
                0x0000000020000000                _sdata = .
 *(.data)
 *(.data*)
 .data._impure_ptr
                0x0000000020000000        0x4 /usr/gcc-arm-none-eabi-9-2019-q4-major/bin/../lib/gcc/arm-none-eabi/9.2.1/../../../../arm-none-eabi/lib/thumb/v7e-m+fp/hard/libc.a(lib_a-impure.o)
                0x0000000020000000                _impure_ptr
 *fill*         0x0000000020000004        0x4 
 .data.impure_data
                0x0000000020000008      0x428 /usr/gcc-arm-none-eabi-9-2019-q4-major/bin/../lib/gcc/arm-none-eabi/9.2.1/../../../../arm-none-eabi/lib/thumb/v7e-m+fp/hard/libc.a(lib_a-impure.o)
 .data.__atexit_recursive_mutex
                0x0000000020000430        0x4 /usr/gcc-arm-none-eabi-9-2019-q4-major/bin/../lib/gcc/arm-none-eabi/9.2.1/../../../../arm-none-eabi/lib/thumb/v7e-m+fp/hard/libc.a(lib_a-__call_atexit.o)
                0x0000000020000430                __atexit_recursive_mutex
 .data.rb_usart
                0x0000000020000434       0x14 CMakeFiles/demo.elf.dir/BSP/src/USART_COM.c.o
                0x0000000020000434                rb_usart
 .data.SystemCoreClock
                0x0000000020000448        0x4 CMakeFiles/demo.elf.dir/CMSIS/src/system_stm32f4xx.c.o
                0x0000000020000448                SystemCoreClock
 .data.__malloc_av_
                0x000000002000044c      0x408 /usr/gcc-arm-none-eabi-9-2019-q4-major/bin/../lib/gcc/arm-none-eabi/9.2.1/../../../../arm-none-eabi/lib/thumb/v7e-m+fp/hard/libc.a(lib_a-mallocr.o)
                0x000000002000044c                __malloc_av_
 .data.__malloc_sbrk_base
                0x0000000020000854        0x4 /usr/gcc-arm-none-eabi-9-2019-q4-major/bin/../lib/gcc/arm-none-eabi/9.2.1/../../../../arm-none-eabi/lib/thumb/v7e-m+fp/hard/libc.a(lib_a-mallocr.o)
                0x0000000020000854                __malloc_sbrk_base
 .data.__malloc_trim_threshold
                0x0000000020000858        0x4 /usr/gcc-arm-none-eabi-9-2019-q4-major/bin/../lib/gcc/arm-none-eabi/9.2.1/../../../../arm-none-eabi/lib/thumb/v7e-m+fp/hard/libc.a(lib_a-mallocr.o)
                0x0000000020000858                __malloc_trim_threshold
 .data.__global_locale
                0x000000002000085c      0x16c /usr/gcc-arm-none-eabi-9-2019-q4-major/bin/../lib/gcc/arm-none-eabi/9.2.1/../../../../arm-none-eabi/lib/thumb/v7e-m+fp/hard/libc.a(lib_a-locale.o)
                0x000000002000085c                __global_locale
                0x00000000200009c8                . = ALIGN (0x4)
                0x00000000200009c8                _edata = .
                0x00000000080083dc                _siccmram = LOADADDR (.ccmram)

.igot.plt       0x00000000200009c8        0x0 load address 0x00000000080083dc
 .igot.plt      0x00000000200009c8        0x0 /usr/gcc-arm-none-eabi-9-2019-q4-major/bin/../lib/gcc/arm-none-eabi/9.2.1/thumb/v7e-m+fp/hard/crtbegin.o

.ccmram         0x0000000010000000        0x0 load address 0x00000000080083dc
                0x0000000010000000                . = ALIGN (0x4)
                0x0000000010000000                _sccmram = .
 *(.ccmram)
 *(.ccmram*)
                0x0000000010000000                . = ALIGN (0x4)
                0x0000000010000000                _eccmram = .
                0x0000000010000000                . = ALIGN (0x4)

.bss            0x00000000200009c8      0x234
                0x00000000200009c8                _sbss = .
                0x00000000200009c8                __bss_start__ = _sbss
 *(.bss)
 .bss           0x00000000200009c8       0x1c /usr/gcc-arm-none-eabi-9-2019-q4-major/bin/../lib/gcc/arm-none-eabi/9.2.1/thumb/v7e-m+fp/hard/crtbegin.o
 *(.bss*)
 .bss.float_num.12988
                0x00000000200009e4        0x4 CMakeFiles/demo.elf.dir/APP/src/main.c.o
 .bss.fac_us    0x00000000200009e8        0x4 CMakeFiles/demo.elf.dir/BSP/src/bsp.c.o
 .bss.rb_usart_buff
                0x00000000200009ec      0x100 CMakeFiles/demo.elf.dir/BSP/src/USART_COM.c.o
 .bss.heap_end.7386
                0x0000000020000aec        0x4 CMakeFiles/demo.elf.dir/newlib/syscalls.c.o
 .bss.__malloc_current_mallinfo
                0x0000000020000af0       0x28 /usr/gcc-arm-none-eabi-9-2019-q4-major/bin/../lib/gcc/arm-none-eabi/9.2.1/../../../../arm-none-eabi/lib/thumb/v7e-m+fp/hard/libc.a(lib_a-mallocr.o)
                0x0000000020000af0                __malloc_current_mallinfo
 .bss.__malloc_max_sbrked_mem
                0x0000000020000b18        0x4 /usr/gcc-arm-none-eabi-9-2019-q4-major/bin/../lib/gcc/arm-none-eabi/9.2.1/../../../../arm-none-eabi/lib/thumb/v7e-m+fp/hard/libc.a(lib_a-mallocr.o)
                0x0000000020000b18                __malloc_max_sbrked_mem
 .bss.__malloc_max_total_mem
                0x0000000020000b1c        0x4 /usr/gcc-arm-none-eabi-9-2019-q4-major/bin/../lib/gcc/arm-none-eabi/9.2.1/../../../../arm-none-eabi/lib/thumb/v7e-m+fp/hard/libc.a(lib_a-mallocr.o)
                0x0000000020000b1c                __malloc_max_total_mem
 .bss.__malloc_top_pad
                0x0000000020000b20        0x4 /usr/gcc-arm-none-eabi-9-2019-q4-major/bin/../lib/gcc/arm-none-eabi/9.2.1/../../../../arm-none-eabi/lib/thumb/v7e-m+fp/hard/libc.a(lib_a-mallocr.o)
                0x0000000020000b20                __malloc_top_pad
 *(COMMON)
 COMMON         0x0000000020000b24       0x21 /usr/gcc-arm-none-eabi-9-2019-q4-major/bin/../lib/gcc/arm-none-eabi/9.2.1/../../../../arm-none-eabi/lib/thumb/v7e-m+fp/hard/libc.a(lib_a-lock.o)
                0x0000000020000b24                __lock___atexit_recursive_mutex
                0x0000000020000b28                __lock___arc4random_mutex
                0x0000000020000b2c                __lock___env_recursive_mutex
                0x0000000020000b30                __lock___sinit_recursive_mutex
                0x0000000020000b34                __lock___malloc_recursive_mutex
                0x0000000020000b38                __lock___at_quick_exit_mutex
                0x0000000020000b3c                __lock___dd_hash_mutex
                0x0000000020000b40                __lock___tz_mutex
                0x0000000020000b44                __lock___sfp_recursive_mutex
 *fill*         0x0000000020000b45        0x3 
 COMMON         0x0000000020000b48       0xaa CMakeFiles/demo.elf.dir/BSP/src/USART_COM.c.o
                0x0000000020000b48                HAL_RX_BUF
                0x0000000020000b49                temp
                0x0000000020000b4c                uart_com_t
                0x0000000020000b8c                uart_rx_t
 *fill*         0x0000000020000bf2        0x2 
 COMMON         0x0000000020000bf4        0x4 STM32F4xx_HAL_Driver/libSTM32F4_HAL_LIB.a(stm32f4xx_hal.c.o)
                0x0000000020000bf4                uwTick
 COMMON         0x0000000020000bf8        0x4 /usr/gcc-arm-none-eabi-9-2019-q4-major/bin/../lib/gcc/arm-none-eabi/9.2.1/../../../../arm-none-eabi/lib/thumb/v7e-m+fp/hard/libc.a(lib_a-reent.o)
                0x0000000020000bf8                errno
                0x0000000020000bfc                . = ALIGN (0x4)
                0x0000000020000bfc                _ebss = .
                0x0000000020000bfc                __bss_end__ = _ebss

._user_heap_stack
                0x0000000020000bfc      0x604
                0x0000000020000c00                . = ALIGN (0x8)
 *fill*         0x0000000020000bfc        0x4 
                0x0000000020000c00                PROVIDE (end = .)
                [!provide]                        PROVIDE (_end = .)
                0x0000000020000e00                . = (. + _Min_Heap_Size)
 *fill*         0x0000000020000c00      0x200 
                0x0000000020001200                . = (. + _Min_Stack_Size)
 *fill*         0x0000000020000e00      0x400 
                0x0000000020001200                . = ALIGN (0x8)

/DISCARD/
 libc.a(*)
 libm.a(*)
 libgcc.a(*)

.ARM.attributes
                0x0000000000000000       0x30
 *(.ARM.attributes)
 .ARM.attributes
                0x0000000000000000       0x1e /usr/gcc-arm-none-eabi-9-2019-q4-major/bin/../lib/gcc/arm-none-eabi/9.2.1/thumb/v7e-m+fp/hard/crti.o
 .ARM.attributes
                0x000000000000001e       0x34 /usr/gcc-arm-none-eabi-9-2019-q4-major/bin/../lib/gcc/arm-none-eabi/9.2.1/thumb/v7e-m+fp/hard/crtbegin.o
 .ARM.attributes
                0x0000000000000052       0x32 /usr/gcc-arm-none-eabi-9-2019-q4-major/bin/../lib/gcc/arm-none-eabi/9.2.1/../../../../arm-none-eabi/lib/thumb/v7e-m+fp/hard/libc.a(lib_a-impure.o)
 .ARM.attributes
                0x0000000000000084       0x34 /usr/gcc-arm-none-eabi-9-2019-q4-major/bin/../lib/gcc/arm-none-eabi/9.2.1/../../../../arm-none-eabi/lib/thumb/v7e-m+fp/hard/libc.a(lib_a-init.o)
 .ARM.attributes
                0x00000000000000b8       0x34 /usr/gcc-arm-none-eabi-9-2019-q4-major/bin/../lib/gcc/arm-none-eabi/9.2.1/../../../../arm-none-eabi/lib/thumb/v7e-m+fp/hard/libc.a(lib_a-memset.o)
 .ARM.attributes
                0x00000000000000ec       0x34 /usr/gcc-arm-none-eabi-9-2019-q4-major/bin/../lib/gcc/arm-none-eabi/9.2.1/../../../../arm-none-eabi/lib/thumb/v7e-m+fp/hard/libc.a(lib_a-__call_atexit.o)
 .ARM.attributes
                0x0000000000000120       0x34 /usr/gcc-arm-none-eabi-9-2019-q4-major/bin/../lib/gcc/arm-none-eabi/9.2.1/../../../../arm-none-eabi/lib/thumb/v7e-m+fp/hard/libc.a(lib_a-atexit.o)
 .ARM.attributes
                0x0000000000000154       0x34 /usr/gcc-arm-none-eabi-9-2019-q4-major/bin/../lib/gcc/arm-none-eabi/9.2.1/../../../../arm-none-eabi/lib/thumb/v7e-m+fp/hard/libc.a(lib_a-fini.o)
 .ARM.attributes
                0x0000000000000188       0x34 /usr/gcc-arm-none-eabi-9-2019-q4-major/bin/../lib/gcc/arm-none-eabi/9.2.1/../../../../arm-none-eabi/lib/thumb/v7e-m+fp/hard/libc.a(lib_a-lock.o)
 .ARM.attributes
                0x00000000000001bc       0x34 /usr/gcc-arm-none-eabi-9-2019-q4-major/bin/../lib/gcc/arm-none-eabi/9.2.1/../../../../arm-none-eabi/lib/thumb/v7e-m+fp/hard/libc.a(lib_a-__atexit.o)
 .ARM.attributes
                0x00000000000001f0       0x21 CMakeFiles/demo.elf.dir/Start_Up/startup_stm32f429xx.s.o
 .ARM.attributes
                0x0000000000000211       0x34 CMakeFiles/demo.elf.dir/APP/src/main.c.o
 .ARM.attributes
                0x0000000000000245       0x34 CMakeFiles/demo.elf.dir/APP/src/LED.c.o
 .ARM.attributes
                0x0000000000000279       0x34 CMakeFiles/demo.elf.dir/APP/src/stm32f4xx_hal_msp.c.o
 .ARM.attributes
                0x00000000000002ad       0x34 CMakeFiles/demo.elf.dir/APP/src/stm32f4xx_it.c.o
 .ARM.attributes
                0x00000000000002e1       0x34 CMakeFiles/demo.elf.dir/BSP/src/bsp.c.o
 .ARM.attributes
                0x0000000000000315       0x34 CMakeFiles/demo.elf.dir/BSP/src/ringbuffer.c.o
 .ARM.attributes
                0x0000000000000349       0x34 CMakeFiles/demo.elf.dir/BSP/src/USART_COM.c.o
 .ARM.attributes
                0x000000000000037d       0x34 CMakeFiles/demo.elf.dir/CMSIS/src/system_stm32f4xx.c.o
 .ARM.attributes
                0x00000000000003b1       0x34 CMakeFiles/demo.elf.dir/newlib/syscalls.c.o
 .ARM.attributes
                0x00000000000003e5       0x34 STM32F4xx_HAL_Driver/libSTM32F4_HAL_LIB.a(stm32f4xx_hal.c.o)
 .ARM.attributes
                0x0000000000000419       0x34 STM32F4xx_HAL_Driver/libSTM32F4_HAL_LIB.a(stm32f4xx_hal_cortex.c.o)
 .ARM.attributes
                0x000000000000044d       0x34 STM32F4xx_HAL_Driver/libSTM32F4_HAL_LIB.a(stm32f4xx_hal_gpio.c.o)
 .ARM.attributes
                0x0000000000000481       0x34 STM32F4xx_HAL_Driver/libSTM32F4_HAL_LIB.a(stm32f4xx_hal_pwr_ex.c.o)
 .ARM.attributes
                0x00000000000004b5       0x34 STM32F4xx_HAL_Driver/libSTM32F4_HAL_LIB.a(stm32f4xx_hal_rcc.c.o)
 .ARM.attributes
                0x00000000000004e9       0x34 STM32F4xx_HAL_Driver/libSTM32F4_HAL_LIB.a(stm32f4xx_hal_uart.c.o)
 .ARM.attributes
                0x000000000000051d       0x34 STM32F4xx_HAL_Driver/libSTM32F4_HAL_LIB.a(stm32f4xx_hal_dma.c.o)
 .ARM.attributes
                0x0000000000000551       0x1e /usr/gcc-arm-none-eabi-9-2019-q4-major/bin/../lib/gcc/arm-none-eabi/9.2.1/thumb/v7e-m+fp/hard/libgcc.a(_arm_addsubdf3.o)
 .ARM.attributes
                0x000000000000056f       0x34 /usr/gcc-arm-none-eabi-9-2019-q4-major/bin/../lib/gcc/arm-none-eabi/9.2.1/../../../../arm-none-eabi/lib/thumb/v7e-m+fp/hard/libc.a(lib_a-printf.o)
 .ARM.attributes
                0x00000000000005a3       0x34 /usr/gcc-arm-none-eabi-9-2019-q4-major/bin/../lib/gcc/arm-none-eabi/9.2.1/../../../../arm-none-eabi/lib/thumb/v7e-m+fp/hard/libc.a(lib_a-reent.o)
 .ARM.attributes
                0x00000000000005d7       0x34 /usr/gcc-arm-none-eabi-9-2019-q4-major/bin/../lib/gcc/arm-none-eabi/9.2.1/../../../../arm-none-eabi/lib/thumb/v7e-m+fp/hard/libc.a(lib_a-vfprintf.o)
 .ARM.attributes
                0x000000000000060b       0x34 /usr/gcc-arm-none-eabi-9-2019-q4-major/bin/../lib/gcc/arm-none-eabi/9.2.1/../../../../arm-none-eabi/lib/thumb/v7e-m+fp/hard/libc.a(lib_a-wsetup.o)
 .ARM.attributes
                0x000000000000063f       0x34 /usr/gcc-arm-none-eabi-9-2019-q4-major/bin/../lib/gcc/arm-none-eabi/9.2.1/../../../../arm-none-eabi/lib/thumb/v7e-m+fp/hard/libc.a(lib_a-dtoa.o)
 .ARM.attributes
                0x0000000000000673       0x34 /usr/gcc-arm-none-eabi-9-2019-q4-major/bin/../lib/gcc/arm-none-eabi/9.2.1/../../../../arm-none-eabi/lib/thumb/v7e-m+fp/hard/libc.a(lib_a-fflush.o)
 .ARM.attributes
                0x00000000000006a7       0x34 /usr/gcc-arm-none-eabi-9-2019-q4-major/bin/../lib/gcc/arm-none-eabi/9.2.1/../../../../arm-none-eabi/lib/thumb/v7e-m+fp/hard/libc.a(lib_a-findfp.o)
 .ARM.attributes
                0x00000000000006db       0x34 /usr/gcc-arm-none-eabi-9-2019-q4-major/bin/../lib/gcc/arm-none-eabi/9.2.1/../../../../arm-none-eabi/lib/thumb/v7e-m+fp/hard/libc.a(lib_a-freer.o)
 .ARM.attributes
                0x000000000000070f       0x34 /usr/gcc-arm-none-eabi-9-2019-q4-major/bin/../lib/gcc/arm-none-eabi/9.2.1/../../../../arm-none-eabi/lib/thumb/v7e-m+fp/hard/libc.a(lib_a-fwalk.o)
 .ARM.attributes
                0x0000000000000743       0x34 /usr/gcc-arm-none-eabi-9-2019-q4-major/bin/../lib/gcc/arm-none-eabi/9.2.1/../../../../arm-none-eabi/lib/thumb/v7e-m+fp/hard/libc.a(lib_a-localeconv.o)
 .ARM.attributes
                0x0000000000000777       0x34 /usr/gcc-arm-none-eabi-9-2019-q4-major/bin/../lib/gcc/arm-none-eabi/9.2.1/../../../../arm-none-eabi/lib/thumb/v7e-m+fp/hard/libc.a(lib_a-makebuf.o)
 .ARM.attributes
                0x00000000000007ab       0x34 /usr/gcc-arm-none-eabi-9-2019-q4-major/bin/../lib/gcc/arm-none-eabi/9.2.1/../../../../arm-none-eabi/lib/thumb/v7e-m+fp/hard/libc.a(lib_a-mallocr.o)
 .ARM.attributes
                0x00000000000007df       0x1c /usr/gcc-arm-none-eabi-9-2019-q4-major/bin/../lib/gcc/arm-none-eabi/9.2.1/../../../../arm-none-eabi/lib/thumb/v7e-m+fp/hard/libc.a(lib_a-memchr.o)
 .ARM.attributes
                0x00000000000007fb       0x1c /usr/gcc-arm-none-eabi-9-2019-q4-major/bin/../lib/gcc/arm-none-eabi/9.2.1/../../../../arm-none-eabi/lib/thumb/v7e-m+fp/hard/libc.a(lib_a-memcpy.o)
 .ARM.attributes
                0x0000000000000817       0x34 /usr/gcc-arm-none-eabi-9-2019-q4-major/bin/../lib/gcc/arm-none-eabi/9.2.1/../../../../arm-none-eabi/lib/thumb/v7e-m+fp/hard/libc.a(lib_a-mlock.o)
 .ARM.attributes
                0x000000000000084b       0x34 /usr/gcc-arm-none-eabi-9-2019-q4-major/bin/../lib/gcc/arm-none-eabi/9.2.1/../../../../arm-none-eabi/lib/thumb/v7e-m+fp/hard/libc.a(lib_a-mprec.o)
 .ARM.attributes
                0x000000000000087f       0x34 /usr/gcc-arm-none-eabi-9-2019-q4-major/bin/../lib/gcc/arm-none-eabi/9.2.1/../../../../arm-none-eabi/lib/thumb/v7e-m+fp/hard/libc.a(lib_a-s_frexp.o)
 .ARM.attributes
                0x00000000000008b3       0x34 /usr/gcc-arm-none-eabi-9-2019-q4-major/bin/../lib/gcc/arm-none-eabi/9.2.1/../../../../arm-none-eabi/lib/thumb/v7e-m+fp/hard/libc.a(lib_a-sbrkr.o)
 .ARM.attributes
                0x00000000000008e7       0x34 /usr/gcc-arm-none-eabi-9-2019-q4-major/bin/../lib/gcc/arm-none-eabi/9.2.1/../../../../arm-none-eabi/lib/thumb/v7e-m+fp/hard/libc.a(lib_a-stdio.o)
 .ARM.attributes
                0x000000000000091b       0x1c /usr/gcc-arm-none-eabi-9-2019-q4-major/bin/../lib/gcc/arm-none-eabi/9.2.1/../../../../arm-none-eabi/lib/thumb/v7e-m+fp/hard/libc.a(lib_a-strlen.o)
 .ARM.attributes
                0x0000000000000937       0x34 /usr/gcc-arm-none-eabi-9-2019-q4-major/bin/../lib/gcc/arm-none-eabi/9.2.1/../../../../arm-none-eabi/lib/thumb/v7e-m+fp/hard/libc.a(lib_a-strncpy.o)
 .ARM.attributes
                0x000000000000096b       0x34 /usr/gcc-arm-none-eabi-9-2019-q4-major/bin/../lib/gcc/arm-none-eabi/9.2.1/../../../../arm-none-eabi/lib/thumb/v7e-m+fp/hard/libc.a(lib_a-vfiprintf.o)
 .ARM.attributes
                0x000000000000099f       0x34 /usr/gcc-arm-none-eabi-9-2019-q4-major/bin/../lib/gcc/arm-none-eabi/9.2.1/../../../../arm-none-eabi/lib/thumb/v7e-m+fp/hard/libc.a(lib_a-writer.o)
 .ARM.attributes
                0x00000000000009d3       0x34 /usr/gcc-arm-none-eabi-9-2019-q4-major/bin/../lib/gcc/arm-none-eabi/9.2.1/../../../../arm-none-eabi/lib/thumb/v7e-m+fp/hard/libc.a(lib_a-callocr.o)
 .ARM.attributes
                0x0000000000000a07       0x34 /usr/gcc-arm-none-eabi-9-2019-q4-major/bin/../lib/gcc/arm-none-eabi/9.2.1/../../../../arm-none-eabi/lib/thumb/v7e-m+fp/hard/libc.a(lib_a-closer.o)
 .ARM.attributes
                0x0000000000000a3b       0x34 /usr/gcc-arm-none-eabi-9-2019-q4-major/bin/../lib/gcc/arm-none-eabi/9.2.1/../../../../arm-none-eabi/lib/thumb/v7e-m+fp/hard/libc.a(lib_a-fclose.o)
 .ARM.attributes
                0x0000000000000a6f       0x34 /usr/gcc-arm-none-eabi-9-2019-q4-major/bin/../lib/gcc/arm-none-eabi/9.2.1/../../../../arm-none-eabi/lib/thumb/v7e-m+fp/hard/libc.a(lib_a-fputwc.o)
 .ARM.attributes
                0x0000000000000aa3       0x34 /usr/gcc-arm-none-eabi-9-2019-q4-major/bin/../lib/gcc/arm-none-eabi/9.2.1/../../../../arm-none-eabi/lib/thumb/v7e-m+fp/hard/libc.a(lib_a-fstatr.o)
 .ARM.attributes
                0x0000000000000ad7       0x34 /usr/gcc-arm-none-eabi-9-2019-q4-major/bin/../lib/gcc/arm-none-eabi/9.2.1/../../../../arm-none-eabi/lib/thumb/v7e-m+fp/hard/libc.a(lib_a-fvwrite.o)
 .ARM.attributes
                0x0000000000000b0b       0x34 /usr/gcc-arm-none-eabi-9-2019-q4-major/bin/../lib/gcc/arm-none-eabi/9.2.1/../../../../arm-none-eabi/lib/thumb/v7e-m+fp/hard/libc.a(lib_a-isattyr.o)
 .ARM.attributes
                0x0000000000000b3f       0x34 /usr/gcc-arm-none-eabi-9-2019-q4-major/bin/../lib/gcc/arm-none-eabi/9.2.1/../../../../arm-none-eabi/lib/thumb/v7e-m+fp/hard/libc.a(lib_a-locale.o)
 .ARM.attributes
                0x0000000000000b73       0x34 /usr/gcc-arm-none-eabi-9-2019-q4-major/bin/../lib/gcc/arm-none-eabi/9.2.1/../../../../arm-none-eabi/lib/thumb/v7e-m+fp/hard/libc.a(lib_a-lseekr.o)
 .ARM.attributes
                0x0000000000000ba7       0x34 /usr/gcc-arm-none-eabi-9-2019-q4-major/bin/../lib/gcc/arm-none-eabi/9.2.1/../../../../arm-none-eabi/lib/thumb/v7e-m+fp/hard/libc.a(lib_a-mbtowc_r.o)
 .ARM.attributes
                0x0000000000000bdb       0x34 /usr/gcc-arm-none-eabi-9-2019-q4-major/bin/../lib/gcc/arm-none-eabi/9.2.1/../../../../arm-none-eabi/lib/thumb/v7e-m+fp/hard/libc.a(lib_a-memmove.o)
 .ARM.attributes
                0x0000000000000c0f       0x34 /usr/gcc-arm-none-eabi-9-2019-q4-major/bin/../lib/gcc/arm-none-eabi/9.2.1/../../../../arm-none-eabi/lib/thumb/v7e-m+fp/hard/libc.a(lib_a-readr.o)
 .ARM.attributes
                0x0000000000000c43       0x34 /usr/gcc-arm-none-eabi-9-2019-q4-major/bin/../lib/gcc/arm-none-eabi/9.2.1/../../../../arm-none-eabi/lib/thumb/v7e-m+fp/hard/libc.a(lib_a-reallocr.o)
 .ARM.attributes
                0x0000000000000c77       0x34 /usr/gcc-arm-none-eabi-9-2019-q4-major/bin/../lib/gcc/arm-none-eabi/9.2.1/../../../../arm-none-eabi/lib/thumb/v7e-m+fp/hard/libc.a(lib_a-wbuf.o)
 .ARM.attributes
                0x0000000000000cab       0x34 /usr/gcc-arm-none-eabi-9-2019-q4-major/bin/../lib/gcc/arm-none-eabi/9.2.1/../../../../arm-none-eabi/lib/thumb/v7e-m+fp/hard/libc.a(lib_a-wcrtomb.o)
 .ARM.attributes
                0x0000000000000cdf       0x34 /usr/gcc-arm-none-eabi-9-2019-q4-major/bin/../lib/gcc/arm-none-eabi/9.2.1/../../../../arm-none-eabi/lib/thumb/v7e-m+fp/hard/libc.a(lib_a-wctomb_r.o)
 .ARM.attributes
                0x0000000000000d13       0x32 /usr/gcc-arm-none-eabi-9-2019-q4-major/bin/../lib/gcc/arm-none-eabi/9.2.1/../../../../arm-none-eabi/lib/thumb/v7e-m+fp/hard/libc.a(lib_a-ctype_.o)
 .ARM.attributes
                0x0000000000000d45       0x1e /usr/gcc-arm-none-eabi-9-2019-q4-major/bin/../lib/gcc/arm-none-eabi/9.2.1/thumb/v7e-m+fp/hard/libgcc.a(_arm_muldivdf3.o)
 .ARM.attributes
                0x0000000000000d63       0x1e /usr/gcc-arm-none-eabi-9-2019-q4-major/bin/../lib/gcc/arm-none-eabi/9.2.1/thumb/v7e-m+fp/hard/libgcc.a(_arm_cmpdf2.o)
 .ARM.attributes
                0x0000000000000d81       0x1e /usr/gcc-arm-none-eabi-9-2019-q4-major/bin/../lib/gcc/arm-none-eabi/9.2.1/thumb/v7e-m+fp/hard/libgcc.a(_arm_unorddf2.o)
 .ARM.attributes
                0x0000000000000d9f       0x1e /usr/gcc-arm-none-eabi-9-2019-q4-major/bin/../lib/gcc/arm-none-eabi/9.2.1/thumb/v7e-m+fp/hard/libgcc.a(_arm_fixdfsi.o)
 .ARM.attributes
                0x0000000000000dbd       0x1e /usr/gcc-arm-none-eabi-9-2019-q4-major/bin/../lib/gcc/arm-none-eabi/9.2.1/thumb/v7e-m+fp/hard/libgcc.a(_aeabi_uldivmod.o)
 .ARM.attributes
                0x0000000000000ddb       0x34 /usr/gcc-arm-none-eabi-9-2019-q4-major/bin/../lib/gcc/arm-none-eabi/9.2.1/thumb/v7e-m+fp/hard/libgcc.a(_udivmoddi4.o)
 .ARM.attributes
                0x0000000000000e0f       0x1e /usr/gcc-arm-none-eabi-9-2019-q4-major/bin/../lib/gcc/arm-none-eabi/9.2.1/thumb/v7e-m+fp/hard/libgcc.a(_dvmd_tls.o)
 .ARM.attributes
                0x0000000000000e2d       0x1e /usr/gcc-arm-none-eabi-9-2019-q4-major/bin/../lib/gcc/arm-none-eabi/9.2.1/thumb/v7e-m+fp/hard/crtn.o
OUTPUT(demo.elf elf32-littlearm)

.debug_frame    0x0000000000000000     0x138c
 .debug_frame   0x0000000000000000       0x2c /usr/gcc-arm-none-eabi-9-2019-q4-major/bin/../lib/gcc/arm-none-eabi/9.2.1/../../../../arm-none-eabi/lib/thumb/v7e-m+fp/hard/libc.a(lib_a-init.o)
 .debug_frame   0x000000000000002c       0x38 /usr/gcc-arm-none-eabi-9-2019-q4-major/bin/../lib/gcc/arm-none-eabi/9.2.1/../../../../arm-none-eabi/lib/thumb/v7e-m+fp/hard/libc.a(lib_a-memset.o)
 .debug_frame   0x0000000000000064       0x68 /usr/gcc-arm-none-eabi-9-2019-q4-major/bin/../lib/gcc/arm-none-eabi/9.2.1/../../../../arm-none-eabi/lib/thumb/v7e-m+fp/hard/libc.a(lib_a-__call_atexit.o)
 .debug_frame   0x00000000000000cc       0x20 /usr/gcc-arm-none-eabi-9-2019-q4-major/bin/../lib/gcc/arm-none-eabi/9.2.1/../../../../arm-none-eabi/lib/thumb/v7e-m+fp/hard/libc.a(lib_a-atexit.o)
 .debug_frame   0x00000000000000ec       0x34 /usr/gcc-arm-none-eabi-9-2019-q4-major/bin/../lib/gcc/arm-none-eabi/9.2.1/../../../../arm-none-eabi/lib/thumb/v7e-m+fp/hard/libc.a(lib_a-fini.o)
 .debug_frame   0x0000000000000120       0xb0 /usr/gcc-arm-none-eabi-9-2019-q4-major/bin/../lib/gcc/arm-none-eabi/9.2.1/../../../../arm-none-eabi/lib/thumb/v7e-m+fp/hard/libc.a(lib_a-lock.o)
 .debug_frame   0x00000000000001d0       0x34 /usr/gcc-arm-none-eabi-9-2019-q4-major/bin/../lib/gcc/arm-none-eabi/9.2.1/../../../../arm-none-eabi/lib/thumb/v7e-m+fp/hard/libc.a(lib_a-__atexit.o)
 .debug_frame   0x0000000000000204       0xac /usr/gcc-arm-none-eabi-9-2019-q4-major/bin/../lib/gcc/arm-none-eabi/9.2.1/thumb/v7e-m+fp/hard/libgcc.a(_arm_addsubdf3.o)
 .debug_frame   0x00000000000002b0       0x74 /usr/gcc-arm-none-eabi-9-2019-q4-major/bin/../lib/gcc/arm-none-eabi/9.2.1/../../../../arm-none-eabi/lib/thumb/v7e-m+fp/hard/libc.a(lib_a-printf.o)
 .debug_frame   0x0000000000000324       0x60 /usr/gcc-arm-none-eabi-9-2019-q4-major/bin/../lib/gcc/arm-none-eabi/9.2.1/../../../../arm-none-eabi/lib/thumb/v7e-m+fp/hard/libc.a(lib_a-reent.o)
 .debug_frame   0x0000000000000384       0xbc /usr/gcc-arm-none-eabi-9-2019-q4-major/bin/../lib/gcc/arm-none-eabi/9.2.1/../../../../arm-none-eabi/lib/thumb/v7e-m+fp/hard/libc.a(lib_a-vfprintf.o)
 .debug_frame   0x0000000000000440       0x2c /usr/gcc-arm-none-eabi-9-2019-q4-major/bin/../lib/gcc/arm-none-eabi/9.2.1/../../../../arm-none-eabi/lib/thumb/v7e-m+fp/hard/libc.a(lib_a-wsetup.o)
 .debug_frame   0x000000000000046c       0xc4 /usr/gcc-arm-none-eabi-9-2019-q4-major/bin/../lib/gcc/arm-none-eabi/9.2.1/../../../../arm-none-eabi/lib/thumb/v7e-m+fp/hard/libc.a(lib_a-dtoa.o)
 .debug_frame   0x0000000000000530       0x5c /usr/gcc-arm-none-eabi-9-2019-q4-major/bin/../lib/gcc/arm-none-eabi/9.2.1/../../../../arm-none-eabi/lib/thumb/v7e-m+fp/hard/libc.a(lib_a-fflush.o)
 .debug_frame   0x000000000000058c      0x14c /usr/gcc-arm-none-eabi-9-2019-q4-major/bin/../lib/gcc/arm-none-eabi/9.2.1/../../../../arm-none-eabi/lib/thumb/v7e-m+fp/hard/libc.a(lib_a-findfp.o)
 .debug_frame   0x00000000000006d8       0x8c /usr/gcc-arm-none-eabi-9-2019-q4-major/bin/../lib/gcc/arm-none-eabi/9.2.1/../../../../arm-none-eabi/lib/thumb/v7e-m+fp/hard/libc.a(lib_a-freer.o)
 .debug_frame   0x0000000000000764       0x54 /usr/gcc-arm-none-eabi-9-2019-q4-major/bin/../lib/gcc/arm-none-eabi/9.2.1/../../../../arm-none-eabi/lib/thumb/v7e-m+fp/hard/libc.a(lib_a-fwalk.o)
 .debug_frame   0x00000000000007b8       0x40 /usr/gcc-arm-none-eabi-9-2019-q4-major/bin/../lib/gcc/arm-none-eabi/9.2.1/../../../../arm-none-eabi/lib/thumb/v7e-m+fp/hard/libc.a(lib_a-localeconv.o)
 .debug_frame   0x00000000000007f8       0x6c /usr/gcc-arm-none-eabi-9-2019-q4-major/bin/../lib/gcc/arm-none-eabi/9.2.1/../../../../arm-none-eabi/lib/thumb/v7e-m+fp/hard/libc.a(lib_a-makebuf.o)
 .debug_frame   0x0000000000000864       0x4c /usr/gcc-arm-none-eabi-9-2019-q4-major/bin/../lib/gcc/arm-none-eabi/9.2.1/../../../../arm-none-eabi/lib/thumb/v7e-m+fp/hard/libc.a(lib_a-mallocr.o)
 .debug_frame   0x00000000000008b0       0x30 /usr/gcc-arm-none-eabi-9-2019-q4-major/bin/../lib/gcc/arm-none-eabi/9.2.1/../../../../arm-none-eabi/lib/thumb/v7e-m+fp/hard/libc.a(lib_a-mlock.o)
 .debug_frame   0x00000000000008e0      0x278 /usr/gcc-arm-none-eabi-9-2019-q4-major/bin/../lib/gcc/arm-none-eabi/9.2.1/../../../../arm-none-eabi/lib/thumb/v7e-m+fp/hard/libc.a(lib_a-mprec.o)
 .debug_frame   0x0000000000000b58       0x2c /usr/gcc-arm-none-eabi-9-2019-q4-major/bin/../lib/gcc/arm-none-eabi/9.2.1/../../../../arm-none-eabi/lib/thumb/v7e-m+fp/hard/libc.a(lib_a-s_frexp.o)
 .debug_frame   0x0000000000000b84       0x2c /usr/gcc-arm-none-eabi-9-2019-q4-major/bin/../lib/gcc/arm-none-eabi/9.2.1/../../../../arm-none-eabi/lib/thumb/v7e-m+fp/hard/libc.a(lib_a-sbrkr.o)
 .debug_frame   0x0000000000000bb0       0x8c /usr/gcc-arm-none-eabi-9-2019-q4-major/bin/../lib/gcc/arm-none-eabi/9.2.1/../../../../arm-none-eabi/lib/thumb/v7e-m+fp/hard/libc.a(lib_a-stdio.o)
 .debug_frame   0x0000000000000c3c       0x38 /usr/gcc-arm-none-eabi-9-2019-q4-major/bin/../lib/gcc/arm-none-eabi/9.2.1/../../../../arm-none-eabi/lib/thumb/v7e-m+fp/hard/libc.a(lib_a-strncpy.o)
 .debug_frame   0x0000000000000c74       0xe8 /usr/gcc-arm-none-eabi-9-2019-q4-major/bin/../lib/gcc/arm-none-eabi/9.2.1/../../../../arm-none-eabi/lib/thumb/v7e-m+fp/hard/libc.a(lib_a-vfiprintf.o)
 .debug_frame   0x0000000000000d5c       0x2c /usr/gcc-arm-none-eabi-9-2019-q4-major/bin/../lib/gcc/arm-none-eabi/9.2.1/../../../../arm-none-eabi/lib/thumb/v7e-m+fp/hard/libc.a(lib_a-writer.o)
 .debug_frame   0x0000000000000d88       0x28 /usr/gcc-arm-none-eabi-9-2019-q4-major/bin/../lib/gcc/arm-none-eabi/9.2.1/../../../../arm-none-eabi/lib/thumb/v7e-m+fp/hard/libc.a(lib_a-callocr.o)
 .debug_frame   0x0000000000000db0       0x2c /usr/gcc-arm-none-eabi-9-2019-q4-major/bin/../lib/gcc/arm-none-eabi/9.2.1/../../../../arm-none-eabi/lib/thumb/v7e-m+fp/hard/libc.a(lib_a-closer.o)
 .debug_frame   0x0000000000000ddc       0x3c /usr/gcc-arm-none-eabi-9-2019-q4-major/bin/../lib/gcc/arm-none-eabi/9.2.1/../../../../arm-none-eabi/lib/thumb/v7e-m+fp/hard/libc.a(lib_a-fclose.o)
 .debug_frame   0x0000000000000e18       0xa4 /usr/gcc-arm-none-eabi-9-2019-q4-major/bin/../lib/gcc/arm-none-eabi/9.2.1/../../../../arm-none-eabi/lib/thumb/v7e-m+fp/hard/libc.a(lib_a-fputwc.o)
 .debug_frame   0x0000000000000ebc       0x2c /usr/gcc-arm-none-eabi-9-2019-q4-major/bin/../lib/gcc/arm-none-eabi/9.2.1/../../../../arm-none-eabi/lib/thumb/v7e-m+fp/hard/libc.a(lib_a-fstatr.o)
 .debug_frame   0x0000000000000ee8       0x64 /usr/gcc-arm-none-eabi-9-2019-q4-major/bin/../lib/gcc/arm-none-eabi/9.2.1/../../../../arm-none-eabi/lib/thumb/v7e-m+fp/hard/libc.a(lib_a-fvwrite.o)
 .debug_frame   0x0000000000000f4c       0x2c /usr/gcc-arm-none-eabi-9-2019-q4-major/bin/../lib/gcc/arm-none-eabi/9.2.1/../../../../arm-none-eabi/lib/thumb/v7e-m+fp/hard/libc.a(lib_a-isattyr.o)
 .debug_frame   0x0000000000000f78       0x54 /usr/gcc-arm-none-eabi-9-2019-q4-major/bin/../lib/gcc/arm-none-eabi/9.2.1/../../../../arm-none-eabi/lib/thumb/v7e-m+fp/hard/libc.a(lib_a-locale.o)
 .debug_frame   0x0000000000000fcc       0x2c /usr/gcc-arm-none-eabi-9-2019-q4-major/bin/../lib/gcc/arm-none-eabi/9.2.1/../../../../arm-none-eabi/lib/thumb/v7e-m+fp/hard/libc.a(lib_a-lseekr.o)
 .debug_frame   0x0000000000000ff8       0x4c /usr/gcc-arm-none-eabi-9-2019-q4-major/bin/../lib/gcc/arm-none-eabi/9.2.1/../../../../arm-none-eabi/lib/thumb/v7e-m+fp/hard/libc.a(lib_a-mbtowc_r.o)
 .debug_frame   0x0000000000001044       0x40 /usr/gcc-arm-none-eabi-9-2019-q4-major/bin/../lib/gcc/arm-none-eabi/9.2.1/../../../../arm-none-eabi/lib/thumb/v7e-m+fp/hard/libc.a(lib_a-memmove.o)
 .debug_frame   0x0000000000001084       0x2c /usr/gcc-arm-none-eabi-9-2019-q4-major/bin/../lib/gcc/arm-none-eabi/9.2.1/../../../../arm-none-eabi/lib/thumb/v7e-m+fp/hard/libc.a(lib_a-readr.o)
 .debug_frame   0x00000000000010b0       0x48 /usr/gcc-arm-none-eabi-9-2019-q4-major/bin/../lib/gcc/arm-none-eabi/9.2.1/../../../../arm-none-eabi/lib/thumb/v7e-m+fp/hard/libc.a(lib_a-reallocr.o)
 .debug_frame   0x00000000000010f8       0x40 /usr/gcc-arm-none-eabi-9-2019-q4-major/bin/../lib/gcc/arm-none-eabi/9.2.1/../../../../arm-none-eabi/lib/thumb/v7e-m+fp/hard/libc.a(lib_a-wbuf.o)
 .debug_frame   0x0000000000001138       0x60 /usr/gcc-arm-none-eabi-9-2019-q4-major/bin/../lib/gcc/arm-none-eabi/9.2.1/../../../../arm-none-eabi/lib/thumb/v7e-m+fp/hard/libc.a(lib_a-wcrtomb.o)
 .debug_frame   0x0000000000001198       0x3c /usr/gcc-arm-none-eabi-9-2019-q4-major/bin/../lib/gcc/arm-none-eabi/9.2.1/../../../../arm-none-eabi/lib/thumb/v7e-m+fp/hard/libc.a(lib_a-wctomb_r.o)
 .debug_frame   0x00000000000011d4       0x50 /usr/gcc-arm-none-eabi-9-2019-q4-major/bin/../lib/gcc/arm-none-eabi/9.2.1/thumb/v7e-m+fp/hard/libgcc.a(_arm_muldivdf3.o)
 .debug_frame   0x0000000000001224       0xc4 /usr/gcc-arm-none-eabi-9-2019-q4-major/bin/../lib/gcc/arm-none-eabi/9.2.1/thumb/v7e-m+fp/hard/libgcc.a(_arm_cmpdf2.o)
 .debug_frame   0x00000000000012e8       0x20 /usr/gcc-arm-none-eabi-9-2019-q4-major/bin/../lib/gcc/arm-none-eabi/9.2.1/thumb/v7e-m+fp/hard/libgcc.a(_arm_unorddf2.o)
 .debug_frame   0x0000000000001308       0x24 /usr/gcc-arm-none-eabi-9-2019-q4-major/bin/../lib/gcc/arm-none-eabi/9.2.1/thumb/v7e-m+fp/hard/libgcc.a(_arm_fixdfsi.o)
 .debug_frame   0x000000000000132c       0x2c /usr/gcc-arm-none-eabi-9-2019-q4-major/bin/../lib/gcc/arm-none-eabi/9.2.1/thumb/v7e-m+fp/hard/libgcc.a(_aeabi_uldivmod.o)
 .debug_frame   0x0000000000001358       0x34 /usr/gcc-arm-none-eabi-9-2019-q4-major/bin/../lib/gcc/arm-none-eabi/9.2.1/thumb/v7e-m+fp/hard/libgcc.a(_udivmoddi4.o)

.comment        0x0000000000000000       0x79
 .comment       0x0000000000000000       0x79 CMakeFiles/demo.elf.dir/APP/src/main.c.o
                                         0x7a (size before relaxing)
 .comment       0x0000000000000079       0x7a CMakeFiles/demo.elf.dir/APP/src/LED.c.o
 .comment       0x0000000000000079       0x7a CMakeFiles/demo.elf.dir/APP/src/stm32f4xx_hal_msp.c.o
 .comment       0x0000000000000079       0x7a CMakeFiles/demo.elf.dir/APP/src/stm32f4xx_it.c.o
 .comment       0x0000000000000079       0x7a CMakeFiles/demo.elf.dir/BSP/src/bsp.c.o
 .comment       0x0000000000000079       0x7a CMakeFiles/demo.elf.dir/BSP/src/ringbuffer.c.o
 .comment       0x0000000000000079       0x7a CMakeFiles/demo.elf.dir/BSP/src/USART_COM.c.o
 .comment       0x0000000000000079       0x7a CMakeFiles/demo.elf.dir/CMSIS/src/system_stm32f4xx.c.o
 .comment       0x0000000000000079       0x7a CMakeFiles/demo.elf.dir/newlib/syscalls.c.o
 .comment       0x0000000000000079       0x7a STM32F4xx_HAL_Driver/libSTM32F4_HAL_LIB.a(stm32f4xx_hal.c.o)
 .comment       0x0000000000000079       0x7a STM32F4xx_HAL_Driver/libSTM32F4_HAL_LIB.a(stm32f4xx_hal_cortex.c.o)
 .comment       0x0000000000000079       0x7a STM32F4xx_HAL_Driver/libSTM32F4_HAL_LIB.a(stm32f4xx_hal_gpio.c.o)
 .comment       0x0000000000000079       0x7a STM32F4xx_HAL_Driver/libSTM32F4_HAL_LIB.a(stm32f4xx_hal_pwr_ex.c.o)
 .comment       0x0000000000000079       0x7a STM32F4xx_HAL_Driver/libSTM32F4_HAL_LIB.a(stm32f4xx_hal_rcc.c.o)
 .comment       0x0000000000000079       0x7a STM32F4xx_HAL_Driver/libSTM32F4_HAL_LIB.a(stm32f4xx_hal_uart.c.o)
 .comment       0x0000000000000079       0x7a STM32F4xx_HAL_Driver/libSTM32F4_HAL_LIB.a(stm32f4xx_hal_dma.c.o)

Cross Reference Table

Symbol                                            File
ADC_IRQHandler                                    CMakeFiles/demo.elf.dir/Start_Up/startup_stm32f429xx.s.o
AHBPrescTable                                     CMakeFiles/demo.elf.dir/CMSIS/src/system_stm32f4xx.c.o
APBAHBPrescTable                                  STM32F4xx_HAL_Driver/libSTM32F4_HAL_LIB.a(stm32f4xx_hal_rcc.c.o)
BusFault_Handler                                  CMakeFiles/demo.elf.dir/APP/src/stm32f4xx_it.c.o
                                                  CMakeFiles/demo.elf.dir/Start_Up/startup_stm32f429xx.s.o
CAN1_RX0_IRQHandler                               CMakeFiles/demo.elf.dir/Start_Up/startup_stm32f429xx.s.o
CAN1_RX1_IRQHandler                               CMakeFiles/demo.elf.dir/Start_Up/startup_stm32f429xx.s.o
CAN1_SCE_IRQHandler                               CMakeFiles/demo.elf.dir/Start_Up/startup_stm32f429xx.s.o
CAN1_TX_IRQHandler                                CMakeFiles/demo.elf.dir/Start_Up/startup_stm32f429xx.s.o
CAN2_RX0_IRQHandler                               CMakeFiles/demo.elf.dir/Start_Up/startup_stm32f429xx.s.o
CAN2_RX1_IRQHandler                               CMakeFiles/demo.elf.dir/Start_Up/startup_stm32f429xx.s.o
CAN2_SCE_IRQHandler                               CMakeFiles/demo.elf.dir/Start_Up/startup_stm32f429xx.s.o
CAN2_TX_IRQHandler                                CMakeFiles/demo.elf.dir/Start_Up/startup_stm32f429xx.s.o
DCMI_IRQHandler                                   CMakeFiles/demo.elf.dir/Start_Up/startup_stm32f429xx.s.o
DMA1_Stream0_IRQHandler                           CMakeFiles/demo.elf.dir/Start_Up/startup_stm32f429xx.s.o
DMA1_Stream1_IRQHandler                           CMakeFiles/demo.elf.dir/Start_Up/startup_stm32f429xx.s.o
DMA1_Stream2_IRQHandler                           CMakeFiles/demo.elf.dir/Start_Up/startup_stm32f429xx.s.o
DMA1_Stream3_IRQHandler                           CMakeFiles/demo.elf.dir/Start_Up/startup_stm32f429xx.s.o
DMA1_Stream4_IRQHandler                           CMakeFiles/demo.elf.dir/Start_Up/startup_stm32f429xx.s.o
DMA1_Stream5_IRQHandler                           CMakeFiles/demo.elf.dir/Start_Up/startup_stm32f429xx.s.o
DMA1_Stream6_IRQHandler                           CMakeFiles/demo.elf.dir/Start_Up/startup_stm32f429xx.s.o
DMA1_Stream7_IRQHandler                           CMakeFiles/demo.elf.dir/Start_Up/startup_stm32f429xx.s.o
DMA2D_IRQHandler                                  CMakeFiles/demo.elf.dir/Start_Up/startup_stm32f429xx.s.o
DMA2_Stream0_IRQHandler                           CMakeFiles/demo.elf.dir/Start_Up/startup_stm32f429xx.s.o
DMA2_Stream1_IRQHandler                           CMakeFiles/demo.elf.dir/Start_Up/startup_stm32f429xx.s.o
DMA2_Stream2_IRQHandler                           CMakeFiles/demo.elf.dir/Start_Up/startup_stm32f429xx.s.o
DMA2_Stream3_IRQHandler                           CMakeFiles/demo.elf.dir/Start_Up/startup_stm32f429xx.s.o
DMA2_Stream4_IRQHandler                           CMakeFiles/demo.elf.dir/Start_Up/startup_stm32f429xx.s.o
DMA2_Stream5_IRQHandler                           CMakeFiles/demo.elf.dir/Start_Up/startup_stm32f429xx.s.o
DMA2_Stream6_IRQHandler                           CMakeFiles/demo.elf.dir/Start_Up/startup_stm32f429xx.s.o
DMA2_Stream7_IRQHandler                           CMakeFiles/demo.elf.dir/Start_Up/startup_stm32f429xx.s.o
DebugMon_Handler                                  CMakeFiles/demo.elf.dir/APP/src/stm32f4xx_it.c.o
                                                  CMakeFiles/demo.elf.dir/Start_Up/startup_stm32f429xx.s.o
Default_Handler                                   CMakeFiles/demo.elf.dir/Start_Up/startup_stm32f429xx.s.o
ETH_IRQHandler                                    CMakeFiles/demo.elf.dir/Start_Up/startup_stm32f429xx.s.o
ETH_WKUP_IRQHandler                               CMakeFiles/demo.elf.dir/Start_Up/startup_stm32f429xx.s.o
EXTI0_IRQHandler                                  CMakeFiles/demo.elf.dir/Start_Up/startup_stm32f429xx.s.o
EXTI15_10_IRQHandler                              CMakeFiles/demo.elf.dir/Start_Up/startup_stm32f429xx.s.o
EXTI1_IRQHandler                                  CMakeFiles/demo.elf.dir/Start_Up/startup_stm32f429xx.s.o
EXTI2_IRQHandler                                  CMakeFiles/demo.elf.dir/Start_Up/startup_stm32f429xx.s.o
EXTI3_IRQHandler                                  CMakeFiles/demo.elf.dir/Start_Up/startup_stm32f429xx.s.o
EXTI4_IRQHandler                                  CMakeFiles/demo.elf.dir/Start_Up/startup_stm32f429xx.s.o
EXTI9_5_IRQHandler                                CMakeFiles/demo.elf.dir/Start_Up/startup_stm32f429xx.s.o
FLASH_IRQHandler                                  CMakeFiles/demo.elf.dir/Start_Up/startup_stm32f429xx.s.o
FMC_IRQHandler                                    CMakeFiles/demo.elf.dir/Start_Up/startup_stm32f429xx.s.o
FPU_IRQHandler                                    CMakeFiles/demo.elf.dir/Start_Up/startup_stm32f429xx.s.o
HAL_DBGMCU_DisableDBGSleepMode                    STM32F4xx_HAL_Driver/libSTM32F4_HAL_LIB.a(stm32f4xx_hal.c.o)
HAL_DBGMCU_DisableDBGStandbyMode                  STM32F4xx_HAL_Driver/libSTM32F4_HAL_LIB.a(stm32f4xx_hal.c.o)
HAL_DBGMCU_DisableDBGStopMode                     STM32F4xx_HAL_Driver/libSTM32F4_HAL_LIB.a(stm32f4xx_hal.c.o)
HAL_DBGMCU_EnableDBGSleepMode                     STM32F4xx_HAL_Driver/libSTM32F4_HAL_LIB.a(stm32f4xx_hal.c.o)
HAL_DBGMCU_EnableDBGStandbyMode                   STM32F4xx_HAL_Driver/libSTM32F4_HAL_LIB.a(stm32f4xx_hal.c.o)
HAL_DBGMCU_EnableDBGStopMode                      STM32F4xx_HAL_Driver/libSTM32F4_HAL_LIB.a(stm32f4xx_hal.c.o)
HAL_DMA_Abort                                     STM32F4xx_HAL_Driver/libSTM32F4_HAL_LIB.a(stm32f4xx_hal_dma.c.o)
                                                  STM32F4xx_HAL_Driver/libSTM32F4_HAL_LIB.a(stm32f4xx_hal_uart.c.o)
HAL_DMA_Abort_IT                                  STM32F4xx_HAL_Driver/libSTM32F4_HAL_LIB.a(stm32f4xx_hal_dma.c.o)
                                                  STM32F4xx_HAL_Driver/libSTM32F4_HAL_LIB.a(stm32f4xx_hal_uart.c.o)
HAL_DMA_DeInit                                    STM32F4xx_HAL_Driver/libSTM32F4_HAL_LIB.a(stm32f4xx_hal_dma.c.o)
HAL_DMA_GetError                                  STM32F4xx_HAL_Driver/libSTM32F4_HAL_LIB.a(stm32f4xx_hal_dma.c.o)
HAL_DMA_GetState                                  STM32F4xx_HAL_Driver/libSTM32F4_HAL_LIB.a(stm32f4xx_hal_dma.c.o)
HAL_DMA_IRQHandler                                STM32F4xx_HAL_Driver/libSTM32F4_HAL_LIB.a(stm32f4xx_hal_dma.c.o)
HAL_DMA_Init                                      STM32F4xx_HAL_Driver/libSTM32F4_HAL_LIB.a(stm32f4xx_hal_dma.c.o)
HAL_DMA_PollForTransfer                           STM32F4xx_HAL_Driver/libSTM32F4_HAL_LIB.a(stm32f4xx_hal_dma.c.o)
HAL_DMA_RegisterCallback                          STM32F4xx_HAL_Driver/libSTM32F4_HAL_LIB.a(stm32f4xx_hal_dma.c.o)
HAL_DMA_Start                                     STM32F4xx_HAL_Driver/libSTM32F4_HAL_LIB.a(stm32f4xx_hal_dma.c.o)
HAL_DMA_Start_IT                                  STM32F4xx_HAL_Driver/libSTM32F4_HAL_LIB.a(stm32f4xx_hal_dma.c.o)
                                                  STM32F4xx_HAL_Driver/libSTM32F4_HAL_LIB.a(stm32f4xx_hal_uart.c.o)
HAL_DMA_UnRegisterCallback                        STM32F4xx_HAL_Driver/libSTM32F4_HAL_LIB.a(stm32f4xx_hal_dma.c.o)
HAL_DeInit                                        STM32F4xx_HAL_Driver/libSTM32F4_HAL_LIB.a(stm32f4xx_hal.c.o)
HAL_Delay                                         STM32F4xx_HAL_Driver/libSTM32F4_HAL_LIB.a(stm32f4xx_hal.c.o)
HAL_DisableCompensationCell                       STM32F4xx_HAL_Driver/libSTM32F4_HAL_LIB.a(stm32f4xx_hal.c.o)
HAL_DisableMemorySwappingBank                     STM32F4xx_HAL_Driver/libSTM32F4_HAL_LIB.a(stm32f4xx_hal.c.o)
HAL_EnableCompensationCell                        STM32F4xx_HAL_Driver/libSTM32F4_HAL_LIB.a(stm32f4xx_hal.c.o)
HAL_EnableMemorySwappingBank                      STM32F4xx_HAL_Driver/libSTM32F4_HAL_LIB.a(stm32f4xx_hal.c.o)
HAL_GPIO_DeInit                                   STM32F4xx_HAL_Driver/libSTM32F4_HAL_LIB.a(stm32f4xx_hal_gpio.c.o)
HAL_GPIO_EXTI_Callback                            STM32F4xx_HAL_Driver/libSTM32F4_HAL_LIB.a(stm32f4xx_hal_gpio.c.o)
HAL_GPIO_EXTI_IRQHandler                          STM32F4xx_HAL_Driver/libSTM32F4_HAL_LIB.a(stm32f4xx_hal_gpio.c.o)
HAL_GPIO_Init                                     STM32F4xx_HAL_Driver/libSTM32F4_HAL_LIB.a(stm32f4xx_hal_gpio.c.o)
                                                  STM32F4xx_HAL_Driver/libSTM32F4_HAL_LIB.a(stm32f4xx_hal_rcc.c.o)
                                                  CMakeFiles/demo.elf.dir/BSP/src/USART_COM.c.o
                                                  CMakeFiles/demo.elf.dir/APP/src/LED.c.o
HAL_GPIO_LockPin                                  STM32F4xx_HAL_Driver/libSTM32F4_HAL_LIB.a(stm32f4xx_hal_gpio.c.o)
HAL_GPIO_ReadPin                                  STM32F4xx_HAL_Driver/libSTM32F4_HAL_LIB.a(stm32f4xx_hal_gpio.c.o)
HAL_GPIO_TogglePin                                STM32F4xx_HAL_Driver/libSTM32F4_HAL_LIB.a(stm32f4xx_hal_gpio.c.o)
HAL_GPIO_WritePin                                 STM32F4xx_HAL_Driver/libSTM32F4_HAL_LIB.a(stm32f4xx_hal_gpio.c.o)
HAL_GetDEVID                                      STM32F4xx_HAL_Driver/libSTM32F4_HAL_LIB.a(stm32f4xx_hal.c.o)
HAL_GetHalVersion                                 STM32F4xx_HAL_Driver/libSTM32F4_HAL_LIB.a(stm32f4xx_hal.c.o)
HAL_GetREVID                                      STM32F4xx_HAL_Driver/libSTM32F4_HAL_LIB.a(stm32f4xx_hal.c.o)
HAL_GetTick                                       STM32F4xx_HAL_Driver/libSTM32F4_HAL_LIB.a(stm32f4xx_hal.c.o)
                                                  STM32F4xx_HAL_Driver/libSTM32F4_HAL_LIB.a(stm32f4xx_hal_dma.c.o)
                                                  STM32F4xx_HAL_Driver/libSTM32F4_HAL_LIB.a(stm32f4xx_hal_uart.c.o)
                                                  STM32F4xx_HAL_Driver/libSTM32F4_HAL_LIB.a(stm32f4xx_hal_rcc.c.o)
                                                  STM32F4xx_HAL_Driver/libSTM32F4_HAL_LIB.a(stm32f4xx_hal_pwr_ex.c.o)
HAL_HalfDuplex_EnableReceiver                     STM32F4xx_HAL_Driver/libSTM32F4_HAL_LIB.a(stm32f4xx_hal_uart.c.o)
HAL_HalfDuplex_EnableTransmitter                  STM32F4xx_HAL_Driver/libSTM32F4_HAL_LIB.a(stm32f4xx_hal_uart.c.o)
HAL_HalfDuplex_Init                               STM32F4xx_HAL_Driver/libSTM32F4_HAL_LIB.a(stm32f4xx_hal_uart.c.o)